Archive member included to satisfy reference by file (symbol)

/home/nelson/Documents/CS4140ES_Embedded_Systems_Lab/software_package/gcc-arm-none-eabi/bin/../lib/gcc/arm-none-eabi/5.4.1/../../../../arm-none-eabi/lib/armv6-m/libc_nano.a(lib_a-exit.o)
                              /home/nelson/Documents/CS4140ES_Embedded_Systems_Lab/software_package/gcc-arm-none-eabi/bin/../lib/gcc/arm-none-eabi/5.4.1/../../../../arm-none-eabi/lib/armv6-m/crt0.o (exit)
/home/nelson/Documents/CS4140ES_Embedded_Systems_Lab/software_package/gcc-arm-none-eabi/bin/../lib/gcc/arm-none-eabi/5.4.1/../../../../arm-none-eabi/lib/armv6-m/libc_nano.a(lib_a-impure.o)
                              /home/nelson/Documents/CS4140ES_Embedded_Systems_Lab/software_package/gcc-arm-none-eabi/bin/../lib/gcc/arm-none-eabi/5.4.1/../../../../arm-none-eabi/lib/armv6-m/libc_nano.a(lib_a-exit.o) (_global_impure_ptr)
/home/nelson/Documents/CS4140ES_Embedded_Systems_Lab/software_package/gcc-arm-none-eabi/bin/../lib/gcc/arm-none-eabi/5.4.1/../../../../arm-none-eabi/lib/armv6-m/libc_nano.a(lib_a-init.o)
                              /home/nelson/Documents/CS4140ES_Embedded_Systems_Lab/software_package/gcc-arm-none-eabi/bin/../lib/gcc/arm-none-eabi/5.4.1/../../../../arm-none-eabi/lib/armv6-m/crt0.o (__libc_init_array)
/home/nelson/Documents/CS4140ES_Embedded_Systems_Lab/software_package/gcc-arm-none-eabi/bin/../lib/gcc/arm-none-eabi/5.4.1/../../../../arm-none-eabi/lib/armv6-m/libc_nano.a(lib_a-memset.o)
                              /home/nelson/Documents/CS4140ES_Embedded_Systems_Lab/software_package/gcc-arm-none-eabi/bin/../lib/gcc/arm-none-eabi/5.4.1/../../../../arm-none-eabi/lib/armv6-m/crt0.o (memset)
/home/nelson/Documents/CS4140ES_Embedded_Systems_Lab/software_package/gcc-arm-none-eabi/bin/../lib/gcc/arm-none-eabi/5.4.1/../../../../arm-none-eabi/lib/armv6-m/libnosys.a(_exit.o)
                              /home/nelson/Documents/CS4140ES_Embedded_Systems_Lab/software_package/gcc-arm-none-eabi/bin/../lib/gcc/arm-none-eabi/5.4.1/../../../../arm-none-eabi/lib/armv6-m/libc_nano.a(lib_a-exit.o) (_exit)
/home/nelson/Documents/CS4140ES_Embedded_Systems_Lab/software_package/gcc-arm-none-eabi/bin/../lib/gcc/arm-none-eabi/5.4.1/../../../../arm-none-eabi/lib/armv6-m/libm.a(lib_a-s_fabs.o)
                              _build/inv_mpu.o (fabs)
/home/nelson/Documents/CS4140ES_Embedded_Systems_Lab/software_package/gcc-arm-none-eabi/bin/../lib/gcc/arm-none-eabi/5.4.1/../../../../arm-none-eabi/lib/armv6-m/libm.a(lib_a-w_asin.o)
                              _build/mpu_wrapper.o (asin)
/home/nelson/Documents/CS4140ES_Embedded_Systems_Lab/software_package/gcc-arm-none-eabi/bin/../lib/gcc/arm-none-eabi/5.4.1/../../../../arm-none-eabi/lib/armv6-m/libm.a(lib_a-w_atan2.o)
                              _build/mpu_wrapper.o (atan2)
/home/nelson/Documents/CS4140ES_Embedded_Systems_Lab/software_package/gcc-arm-none-eabi/bin/../lib/gcc/arm-none-eabi/5.4.1/../../../../arm-none-eabi/lib/armv6-m/libm.a(lib_a-e_asin.o)
                              /home/nelson/Documents/CS4140ES_Embedded_Systems_Lab/software_package/gcc-arm-none-eabi/bin/../lib/gcc/arm-none-eabi/5.4.1/../../../../arm-none-eabi/lib/armv6-m/libm.a(lib_a-w_asin.o) (__ieee754_asin)
/home/nelson/Documents/CS4140ES_Embedded_Systems_Lab/software_package/gcc-arm-none-eabi/bin/../lib/gcc/arm-none-eabi/5.4.1/../../../../arm-none-eabi/lib/armv6-m/libm.a(lib_a-e_atan2.o)
                              /home/nelson/Documents/CS4140ES_Embedded_Systems_Lab/software_package/gcc-arm-none-eabi/bin/../lib/gcc/arm-none-eabi/5.4.1/../../../../arm-none-eabi/lib/armv6-m/libm.a(lib_a-w_atan2.o) (__ieee754_atan2)
/home/nelson/Documents/CS4140ES_Embedded_Systems_Lab/software_package/gcc-arm-none-eabi/bin/../lib/gcc/arm-none-eabi/5.4.1/../../../../arm-none-eabi/lib/armv6-m/libm.a(lib_a-e_sqrt.o)
                              /home/nelson/Documents/CS4140ES_Embedded_Systems_Lab/software_package/gcc-arm-none-eabi/bin/../lib/gcc/arm-none-eabi/5.4.1/../../../../arm-none-eabi/lib/armv6-m/libm.a(lib_a-e_asin.o) (__ieee754_sqrt)
/home/nelson/Documents/CS4140ES_Embedded_Systems_Lab/software_package/gcc-arm-none-eabi/bin/../lib/gcc/arm-none-eabi/5.4.1/../../../../arm-none-eabi/lib/armv6-m/libm.a(lib_a-s_atan.o)
                              /home/nelson/Documents/CS4140ES_Embedded_Systems_Lab/software_package/gcc-arm-none-eabi/bin/../lib/gcc/arm-none-eabi/5.4.1/../../../../arm-none-eabi/lib/armv6-m/libm.a(lib_a-e_atan2.o) (atan)
/home/nelson/Documents/CS4140ES_Embedded_Systems_Lab/software_package/gcc-arm-none-eabi/bin/../lib/gcc/arm-none-eabi/5.4.1/../../../../arm-none-eabi/lib/armv6-m/libm.a(lib_a-s_lib_ver.o)
                              /home/nelson/Documents/CS4140ES_Embedded_Systems_Lab/software_package/gcc-arm-none-eabi/bin/../lib/gcc/arm-none-eabi/5.4.1/../../../../arm-none-eabi/lib/armv6-m/libm.a(lib_a-w_asin.o) (__fdlib_version)
[...]
Memory Configuration

Name             Origin             Length             Attributes
FLASH            0x00018000         0x00028000         xr
RAM              0x20002000         0x00002000         xrw
*default*        0x00000000         0xffffffff

Linker script and memory map

LOAD /home/nelson/Documents/CS4140ES_Embedded_Systems_Lab/software_package/gcc-arm-none-eabi/bin/../lib/gcc/arm-none-eabi/5.4.1/armv6-m/crti.o
LOAD /home/nelson/Documents/CS4140ES_Embedded_Systems_Lab/software_package/gcc-arm-none-eabi/bin/../lib/gcc/arm-none-eabi/5.4.1/armv6-m/crtbegin.o
LOAD /home/nelson/Documents/CS4140ES_Embedded_Systems_Lab/software_package/gcc-arm-none-eabi/bin/../lib/gcc/arm-none-eabi/5.4.1/../../../../arm-none-eabi/lib/armv6-m/crt0.o
LOAD /home/nelson/Documents/CS4140ES_Embedded_Systems_Lab/software_package/gcc-arm-none-eabi/bin/../lib/gcc/arm-none-eabi/5.4.1/../../../../arm-none-eabi/lib/armv6-m/libc_nano.a
LOAD /home/nelson/Documents/CS4140ES_Embedded_Systems_Lab/software_package/gcc-arm-none-eabi/bin/../lib/gcc/arm-none-eabi/5.4.1/../../../../arm-none-eabi/lib/armv6-m/libnosys.a
LOAD /home/nelson/Documents/CS4140ES_Embedded_Systems_Lab/software_package/gcc-arm-none-eabi/bin/../lib/gcc/arm-none-eabi/5.4.1/../../../../arm-none-eabi/lib/armv6-m/libm.a
LOAD _build/system_nrf51.o
LOAD _build/nrf_delay.o
LOAD _build/in4073.o
LOAD _build/control.o
LOAD _build/gpio.o
LOAD _build/timers.o
LOAD _build/uart.o
LOAD _build/queue.o
LOAD _build/twi.o
LOAD _build/adc.o
LOAD _build/baro.o
LOAD _build/ble.o
LOAD _build/spi_flash.o
LOAD _build/inv_mpu.o
LOAD _build/inv_mpu_dmp_motion_driver.o
LOAD _build/ml.o
LOAD _build/mpu_wrapper.o
LOAD _build/app_error.o
LOAD _build/app_timer.o
LOAD _build/nrf_assert.o
LOAD _build/nrf_drv_common.o
LOAD _build/pstorage.o
LOAD _build/ble_advdata.o
LOAD _build/ble_advertising.o
LOAD _build/ble_conn_params.o
LOAD _build/ble_nus.o
LOAD _build/ble_srv_common.o
LOAD _build/softdevice_handler.o
LOAD _build/gcc_startup_nrf51.o
LOAD /home/nelson/Documents/CS4140ES_Embedded_Systems_Lab/software_package/gcc-arm-none-eabi/bin/../lib/gcc/arm-none-eabi/5.4.1/../../../../arm-none-eabi/lib/armv6-m/libm.a
START GROUP
LOAD /home/nelson/Documents/CS4140ES_Embedded_Systems_Lab/software_package/gcc-arm-none-eabi/bin/../lib/gcc/arm-none-eabi/5.4.1/armv6-m/libgcc.a
LOAD /home/nelson/Documents/CS4140ES_Embedded_Systems_Lab/software_package/gcc-arm-none-eabi/bin/../lib/gcc/arm-none-eabi/5.4.1/../../../../arm-none-eabi/lib/armv6-m/libc_nano.a
END GROUP
START GROUP
LOAD /home/nelson/Documents/CS4140ES_Embedded_Systems_Lab/software_package/gcc-arm-none-eabi/bin/../lib/gcc/arm-none-eabi/5.4.1/armv6-m/libgcc.a
LOAD /home/nelson/Documents/CS4140ES_Embedded_Systems_Lab/software_package/gcc-arm-none-eabi/bin/../lib/gcc/arm-none-eabi/5.4.1/../../../../arm-none-eabi/lib/armv6-m/libc_nano.a
END GROUP
LOAD /home/nelson/Documents/CS4140ES_Embedded_Systems_Lab/software_package/gcc-arm-none-eabi/bin/../lib/gcc/arm-none-eabi/5.4.1/armv6-m/crtend.o
LOAD /home/nelson/Documents/CS4140ES_Embedded_Systems_Lab/software_package/gcc-arm-none-eabi/bin/../lib/gcc/arm-none-eabi/5.4.1/armv6-m/crtn.o
START GROUP
LOAD /home/nelson/Documents/CS4140ES_Embedded_Systems_Lab/software_package/gcc-arm-none-eabi/bin/../lib/gcc/arm-none-eabi/5.4.1/armv6-m/libgcc.a
LOAD /home/nelson/Documents/CS4140ES_Embedded_Systems_Lab/software_package/gcc-arm-none-eabi/bin/../lib/gcc/arm-none-eabi/5.4.1/../../../../arm-none-eabi/lib/armv6-m/libc.a
LOAD /home/nelson/Documents/CS4140ES_Embedded_Systems_Lab/software_package/gcc-arm-none-eabi/bin/../lib/gcc/arm-none-eabi/5.4.1/../../../../arm-none-eabi/lib/armv6-m/libnosys.a
END GROUP

.fs_data_out    0x00000000        0x0
                [!provide]                PROVIDE (__start_fs_data, .)
 *(fs_data)
                [!provide]                PROVIDE (__stop_fs_data, .)

.text           0x00018000     0xbf84
 *(.Vectors)
 .Vectors       0x00018000       0xc0 _build/gcc_startup_nrf51.o
                0x00018000                __Vectors
 *(.text*)
 .text          0x000180c0       0x60 /home/nelson/Documents/CS4140ES_Embedded_Systems_Lab/software_package/gcc-arm-none-eabi/bin/../lib/gcc/arm-none-eabi/5.4.1/armv6-m/crtbegin.o
 .text          0x00018120       0x78 /home/nelson/Documents/CS4140ES_Embedded_Systems_Lab/software_package/gcc-arm-none-eabi/bin/../lib/gcc/arm-none-eabi/5.4.1/../../../../arm-none-eabi/lib/armv6-m/crt0.o
                0x00018120                _mainCRTStartup
                0x00018120                _start
 .text.exit     0x00018198       0x2c /home/nelson/Documents/CS4140ES_Embedded_Systems_Lab/software_package/gcc-arm-none-eabi/bin/../lib/gcc/arm-none-eabi/5.4.1/../../../../arm-none-eabi/lib/armv6-m/libc_nano.a(lib_a-exit.o)
                0x00018198                exit
 .text.__libc_init_array
                0x000181c4       0x4c /home/nelson/Documents/CS4140ES_Embedded_Systems_Lab/software_package/gcc-arm-none-eabi/bin/../lib/gcc/arm-none-eabi/5.4.1/../../../../arm-none-eabi/lib/armv6-m/libc_nano.a(lib_a-init.o)
                0x000181c4                __libc_init_array
 .text.memset   0x00018210       0x10 /home/nelson/Documents/CS4140ES_Embedded_Systems_Lab/software_package/gcc-arm-none-eabi/bin/../lib/gcc/arm-none-eabi/5.4.1/../../../../arm-none-eabi/lib/armv6-m/libc_nano.a(lib_a-memset.o)
                0x00018210                memset
 .text._exit    0x00018220        0x4 /home/nelson/Documents/CS4140ES_Embedded_Systems_Lab/software_package/gcc-arm-none-eabi/bin/../lib/gcc/arm-none-eabi/5.4.1/../../../../arm-none-eabi/lib/armv6-m/libnosys.a(_exit.o)
                0x00018220                _exit
 .text.SystemInit
                0x00018224       0x94 _build/system_nrf51.o
                0x00018224                SystemInit
 .text.nrf_delay_ms
                0x000182b8       0x3c _build/nrf_delay.o
                0x000182b8                nrf_delay_ms
 .text.get_command
                0x000182f4      0x230 _build/in4073.o
                0x000182f4                get_command
 .text.get_connection_check
                0x00018524       0x24 _build/in4073.o
                0x00018524                get_connection_check
 .text.log_data
                0x00018548       0xa4 _build/in4073.o
                0x00018548                log_data
 .text.raw_init
                0x000185ec       0xb8 _build/in4073.o
                0x000185ec                raw_init
 .text.startup.main
                0x000186a4      0x1e8 _build/in4073.o
                0x000186a4                main
 .text.kalman_filter
                0x0001888c       0xc8 _build/control.o
                0x0001888c                kalman_filter
 .text.run_filters_and_control
                0x00018954      0xd34 _build/control.o
                0x00018954                run_filters_and_control
 .text.gpio_init
                0x00019688       0x8c _build/gpio.o
                0x00019688                gpio_init
 .text.quadrupel_timer_handler
                0x00019714        0xc _build/timers.o
                0x00019714                quadrupel_timer_handler
 .text.TIMER2_IRQHandler
                0x00019720       0xb8 _build/timers.o
                0x00019720                TIMER2_IRQHandler
 .text.TIMER1_IRQHandler
                0x000197d8       0xac _build/timers.o
                0x000197d8                TIMER1_IRQHandler
 .text.get_time_us
                0x00019884       0x20 _build/timers.o
                0x00019884                get_time_us
 .text.check_timer_flag
                0x000198a4        0xc _build/timers.o
                0x000198a4                check_timer_flag
 .text.clear_timer_flag
                0x000198b0        0xc _build/timers.o
                0x000198b0                clear_timer_flag
 .text.timers_init
                0x000198bc      0x1d4 _build/timers.o
                0x000198bc                timers_init
 .text.uart_put
                0x00019a90       0x44 _build/uart.o
                0x00019a90                uart_put
 .text._write   0x00019ad4       0x84 _build/uart.o
                0x00019ad4                _write
 .text.UART0_IRQHandler
                0x00019b58       0x90 _build/uart.o
                0x00019b58                UART0_IRQHandler
 .text.uart_init
                0x00019be8       0xa0 _build/uart.o
                0x00019be8                uart_init
 .text.init_queue
                0x00019c88       0x14 _build/queue.o
                0x00019c88                init_queue
 .text.enqueue  0x00019c9c       0x1c _build/queue.o
                0x00019c9c                enqueue
 .text.dequeue  0x00019cb8       0x20 _build/queue.o
                0x00019cb8                dequeue
 .text.i2c_read
                0x00019cd8       0xc0 _build/twi.o
                0x00019cd8                i2c_read
 .text.i2c_write
                0x00019d98       0x70 _build/twi.o
                0x00019d98                i2c_write
 .text.SPI0_TWI0_IRQHandler
                0x00019e08       0x70 _build/twi.o
                0x00019e08                SPI0_TWI0_IRQHandler
 .text.twi_init
                0x00019e78       0x84 _build/twi.o
                0x00019e78                twi_init
 .text.adc_request_sample
                0x00019efc       0x18 _build/adc.o
                0x00019efc                adc_request_sample
 .text.ADC_IRQHandler
                0x00019f14       0x24 _build/adc.o
                0x00019f14                ADC_IRQHandler
 .text.adc_init
                0x00019f38       0x3c _build/adc.o
                0x00019f38                adc_init
 .text.read_baro
                0x00019f74      0x1b4 _build/baro.o
                0x00019f74                read_baro
 .text.baro_init
                0x0001a128       0x34 _build/baro.o
                0x0001a128                baro_init
 .text.sd_ble_gap_disconnect
                0x0001a15c        0x4 _build/ble.o
 .text.sd_ble_gap_ppcp_set
                0x0001a160        0x4 _build/ble.o
 .text.sd_ble_gap_device_name_set
                0x0001a164        0x4 _build/ble.o
 .text.sd_ble_gap_sec_params_reply
                0x0001a168        0x4 _build/ble.o
 .text.sd_ble_gatts_sys_attr_set
                0x0001a16c        0x4 _build/ble.o
 .text.sd_ble_enable
                0x0001a170        0x4 _build/ble.o
 .text.sd_nvic_EnableIRQ
                0x0001a174        0x4 _build/ble.o
 .text.sd_nvic_ClearPendingIRQ
                0x0001a178        0x4 _build/ble.o
 .text.sd_nvic_SetPriority
                0x0001a17c        0x4 _build/ble.o
 .text.sd_radio_notification_cfg_set
                0x0001a180        0x4 _build/ble.o
 .text.conn_params_error_handler
                0x0001a184       0x1c _build/ble.o
 .text.nus_data_handler
                0x0001a1a0       0x20 _build/ble.o
 .text.ble_evt_dispatch
                0x0001a1c0       0x94 _build/ble.o
 .text.on_conn_params_evt
                0x0001a254       0x38 _build/ble.o
 .text.SWI1_IRQHandler
                0x0001a28c       0x10 _build/ble.o
                0x0001a28c                SWI1_IRQHandler
 .text.ble_init
                0x0001a29c      0x204 _build/ble.o
                0x0001a29c                ble_init
 .text.flash_read_bytes
                0x0001a4a0       0xf0 _build/spi_flash.o
                0x0001a4a0                flash_read_bytes
 .text.spi_flash_init
                0x0001a590      0x230 _build/spi_flash.o
                0x0001a590                spi_flash_init
 .text.mpu_reset_fifo
                0x0001a7c0      0x15c _build/inv_mpu.o
                0x0001a7c0                mpu_reset_fifo
 .text.mpu_lp_accel_mode
                0x0001a91c      0x1b8 _build/inv_mpu.o
                0x0001a91c                mpu_lp_accel_mode
 .text.mpu_get_accel_fsr
                0x0001aad4       0x4c _build/inv_mpu.o
                0x0001aad4                mpu_get_accel_fsr
 .text.mpu_set_lpf
                0x0001ab20       0x78 _build/inv_mpu.o
                0x0001ab20                mpu_set_lpf
 .text.mpu_set_sample_rate
                0x0001ab98      0x168 _build/inv_mpu.o
                0x0001ab98                mpu_set_sample_rate
 .text.mpu_configure_fifo
                0x0001ad00       0xd0 _build/inv_mpu.o
                0x0001ad00                mpu_configure_fifo
 .text.mpu_set_sensors
                0x0001add0      0x140 _build/inv_mpu.o
                0x0001add0                mpu_set_sensors
 .text.mpu_init
                0x0001af10      0x1f4 _build/inv_mpu.o
                0x0001af10                mpu_init
 .text.mpu_read_fifo
                0x0001b104      0x26c _build/inv_mpu.o
                0x0001b104                mpu_read_fifo
 .text.mpu_read_fifo_stream
                0x0001b370       0xb0 _build/inv_mpu.o
                0x0001b370                mpu_read_fifo_stream
 .text.mpu_set_int_level
                0x0001b420       0x10 _build/inv_mpu.o
                0x0001b420                mpu_set_int_level
 .text.mpu_set_int_latched
                0x0001b430       0x68 _build/inv_mpu.o
                0x0001b430                mpu_set_int_latched
 .text.mpu_write_mem
                0x0001b498       0x58 _build/inv_mpu.o
                0x0001b498                mpu_write_mem
 .text.mpu_load_firmware
                0x0001b4f0      0x15c _build/inv_mpu.o
                0x0001b4f0                mpu_load_firmware
 .text.mpu_set_dmp_state
                0x0001b64c      0x174 _build/inv_mpu.o
                0x0001b64c                mpu_set_dmp_state
 .text.dmp_load_motion_driver_firmware
                0x0001b7c0       0x1c _build/inv_mpu_dmp_motion_driver.o
                0x0001b7c0                dmp_load_motion_driver_firmware
 .text.dmp_set_orientation
                0x0001b7dc      0x118 _build/inv_mpu_dmp_motion_driver.o
                0x0001b7dc                dmp_set_orientation
 .text.dmp_set_fifo_rate
                0x0001b8f4       0x64 _build/inv_mpu_dmp_motion_driver.o
                0x0001b8f4                dmp_set_fifo_rate
 .text.dmp_set_tap_thresh
                0x0001b958      0x164 _build/inv_mpu_dmp_motion_driver.o
                0x0001b958                dmp_set_tap_thresh
 .text.dmp_enable_feature
                0x0001babc      0x28c _build/inv_mpu_dmp_motion_driver.o
                0x0001babc                dmp_enable_feature
 .text.dmp_read_fifo
                0x0001bd48      0x20c _build/inv_mpu_dmp_motion_driver.o
                0x0001bd48                dmp_read_fifo
 .text.inv_orientation_matrix_to_scalar
                0x0001bf54      0x11c _build/ml.o
                0x0001bf54                inv_orientation_matrix_to_scalar
 .text.get_dmp_data
                0x0001c070      0x218 _build/mpu_wrapper.o
                0x0001c070                get_dmp_data
 .text.get_raw_sensor_data
                0x0001c288       0x88 _build/mpu_wrapper.o
                0x0001c288                get_raw_sensor_data
 .text.check_sensor_int_flag
                0x0001c310       0x20 _build/mpu_wrapper.o
                0x0001c310                check_sensor_int_flag
 .text.imu_init
                0x0001c330      0x10c _build/mpu_wrapper.o
                0x0001c330                imu_init
 .text.app_error_handler
                0x0001c43c       0x40 _build/app_error.o
                0x0001c43c                app_error_handler
 .text.rtc1_stop
                0x0001c47c       0x78 _build/app_timer.o
 .text.RTC1_IRQHandler
                0x0001c4f4       0xe0 _build/app_timer.o
                0x0001c4f4                RTC1_IRQHandler
 .text.SWI0_IRQHandler
                0x0001c5d4      0x4cc _build/app_timer.o
                0x0001c5d4                SWI0_IRQHandler
 .text.app_timer_init
                0x0001caa0       0xe4 _build/app_timer.o
                0x0001caa0                app_timer_init
 .text.app_timer_create
                0x0001cb84       0x34 _build/app_timer.o
                0x0001cb84                app_timer_create
 .text.app_timer_start
                0x0001cbb8       0xec _build/app_timer.o
                0x0001cbb8                app_timer_start
 .text.app_timer_stop
                0x0001cca4       0xc4 _build/app_timer.o
                0x0001cca4                app_timer_stop
 .text.pstorage_access_status_get
                0x0001cd68       0x28 _build/pstorage.o
                0x0001cd68                pstorage_access_status_get
 .text.sd_ble_gap_address_get
                0x0001cd90        0x4 _build/ble_advdata.o
 .text.sd_ble_gap_adv_data_set
                0x0001cd94        0x4 _build/ble_advdata.o
 .text.sd_ble_gap_appearance_get
                0x0001cd98        0x4 _build/ble_advdata.o
 .text.sd_ble_gap_device_name_get
                0x0001cd9c        0x4 _build/ble_advdata.o
 .text.sd_ble_uuid_encode
                0x0001cda0        0x4 _build/ble_advdata.o
 .text.uuid_list_sized_encode
                0x0001cda4       0xf8 _build/ble_advdata.o
 .text.adv_data_encode
                0x0001ce9c      0x5b8 _build/ble_advdata.o
                0x0001ce9c                adv_data_encode
 .text.ble_advdata_set
                0x0001d454       0x68 _build/ble_advdata.o
                0x0001d454                ble_advdata_set
 .text.sd_ble_gap_adv_start
                0x0001d4bc        0x4 _build/ble_advertising.o
 .text.ble_advertising_start.part.1
                0x0001d4c0      0x2a8 _build/ble_advertising.o
 .text.ble_advertising_init
                0x0001d768      0x144 _build/ble_advertising.o
                0x0001d768                ble_advertising_init
 .text.ble_advertising_start
                0x0001d8ac       0x3c _build/ble_advertising.o
                0x0001d8ac                ble_advertising_start
 .text.ble_advertising_on_ble_evt
                0x0001d8e8       0xec _build/ble_advertising.o
                0x0001d8e8                ble_advertising_on_ble_evt
 .text.sd_ble_gap_conn_param_update
                0x0001d9d4        0x4 _build/ble_conn_params.o
 .text.sd_ble_gap_disconnect
                0x0001d9d8        0x4 _build/ble_conn_params.o
 .text.sd_ble_gap_ppcp_set
                0x0001d9dc        0x4 _build/ble_conn_params.o
 .text.sd_ble_gap_ppcp_get
                0x0001d9e0        0x4 _build/ble_conn_params.o
 .text.update_timeout_handler
                0x0001d9e4       0x78 _build/ble_conn_params.o
 .text.conn_params_negotiation
                0x0001da5c       0x88 _build/ble_conn_params.o
 .text.ble_conn_params_init
                0x0001dae4       0x78 _build/ble_conn_params.o
                0x0001dae4                ble_conn_params_init
 .text.ble_conn_params_on_ble_evt
                0x0001db5c       0xac _build/ble_conn_params.o
                0x0001db5c                ble_conn_params_on_ble_evt
 .text.sd_ble_gatts_service_add
                0x0001dc08        0x4 _build/ble_nus.o
 .text.sd_ble_gatts_characteristic_add
                0x0001dc0c        0x4 _build/ble_nus.o
 .text.sd_ble_uuid_vs_add
                0x0001dc10        0x4 _build/ble_nus.o
 .text.ble_nus_on_ble_evt
                0x0001dc14       0x60 _build/ble_nus.o
                0x0001dc14                ble_nus_on_ble_evt
 .text.ble_nus_init
                0x0001dc74      0x208 _build/ble_nus.o
                0x0001dc74                ble_nus_init
 .text.sd_nvic_EnableIRQ
                0x0001de7c        0x4 _build/softdevice_handler.o
 .text.sd_evt_get
                0x0001de80        0x4 _build/softdevice_handler.o
 .text.sd_softdevice_enable
                0x0001de84        0x4 _build/softdevice_handler.o
 .text.sd_ble_evt_get
                0x0001de88        0x4 _build/softdevice_handler.o
 .text.softdevice_assertion_handler
                0x0001de8c        0xc _build/softdevice_handler.o
                0x0001de8c                softdevice_assertion_handler
 .text.intern_softdevice_events_execute.part.0
                0x0001de98       0xec _build/softdevice_handler.o
 .text.softdevice_handler_init
                0x0001df84       0x4c _build/softdevice_handler.o
                0x0001df84                softdevice_handler_init
 .text.softdevice_ble_evt_handler_set
                0x0001dfd0       0x14 _build/softdevice_handler.o
                0x0001dfd0                softdevice_ble_evt_handler_set
 .text.SWI2_IRQHandler
                0x0001dfe4       0x34 _build/softdevice_handler.o
                0x0001dfe4                SWI2_IRQHandler
 .text          0x0001e018       0x54 _build/gcc_startup_nrf51.o
                0x0001e018                Reset_Handler
                0x0001e060                NMI_Handler
                0x0001e062                HardFault_Handler
                0x0001e064                SVC_Handler
                0x0001e066                PendSV_Handler
                0x0001e068                SysTick_Handler
                0x0001e06a                RTC0_IRQHandler
                0x0001e06a                GPIOTE_IRQHandler
                0x0001e06a                POWER_CLOCK_IRQHandler
                0x0001e06a                RADIO_IRQHandler
                0x0001e06a                LPCOMP_IRQHandler
                0x0001e06a                SWI4_IRQHandler
                0x0001e06a                TEMP_IRQHandler
                0x0001e06a                QDEC_IRQHandler
                0x0001e06a                SWI5_IRQHandler
                0x0001e06a                TIMER0_IRQHandler
                0x0001e06a                ECB_IRQHandler
                0x0001e06a                Default_Handler
                0x0001e06a                SWI3_IRQHandler
                0x0001e06a                CCM_AAR_IRQHandler
                0x0001e06a                WDT_IRQHandler
                0x0001e06a                RNG_IRQHandler
                0x0001e06a                SPI1_TWI1_IRQHandler
 .text.fabs     0x0001e06c        0x8 /home/nelson/Documents/CS4140ES_Embedded_Systems_Lab/software_package/gcc-arm-none-eabi/bin/../lib/gcc/arm-none-eabi/5.4.1/../../../../arm-none-eabi/lib/armv6-m/libm.a(lib_a-s_fabs.o)
                0x0001e06c                fabs
 .text.asin     0x0001e074       0xc4 /home/nelson/Documents/CS4140ES_Embedded_Systems_Lab/software_package/gcc-arm-none-eabi/bin/../lib/gcc/arm-none-eabi/5.4.1/../../../../arm-none-eabi/lib/armv6-m/libm.a(lib_a-w_asin.o)
                0x0001e074                asin
 .text.atan2    0x0001e138        0x8 /home/nelson/Documents/CS4140ES_Embedded_Systems_Lab/software_package/gcc-arm-none-eabi/bin/../lib/gcc/arm-none-eabi/5.4.1/../../../../arm-none-eabi/lib/armv6-m/libm.a(lib_a-w_atan2.o)
                0x0001e138                atan2
 .text.__ieee754_asin
                0x0001e140      0x3cc /home/nelson/Documents/CS4140ES_Embedded_Systems_Lab/software_package/gcc-arm-none-eabi/bin/../lib/gcc/arm-none-eabi/5.4.1/../../../../arm-none-eabi/lib/armv6-m/libm.a(lib_a-e_asin.o)
                0x0001e140                __ieee754_asin
 .text.__ieee754_atan2
                0x0001e50c      0x178 /home/nelson/Documents/CS4140ES_Embedded_Systems_Lab/software_package/gcc-arm-none-eabi/bin/../lib/gcc/arm-none-eabi/5.4.1/../../../../arm-none-eabi/lib/armv6-m/libm.a(lib_a-e_atan2.o)
                0x0001e50c                __ieee754_atan2
 .text.__ieee754_sqrt
                0x0001e684      0x1ec /home/nelson/Documents/CS4140ES_Embedded_Systems_Lab/software_package/gcc-arm-none-eabi/bin/../lib/gcc/arm-none-eabi/5.4.1/../../../../arm-none-eabi/lib/armv6-m/libm.a(lib_a-e_sqrt.o)
                0x0001e684                __ieee754_sqrt
 .text.atan     0x0001e870      0x33c /home/nelson/Documents/CS4140ES_Embedded_Systems_Lab/software_package/gcc-arm-none-eabi/bin/../lib/gcc/arm-none-eabi/5.4.1/../../../../arm-none-eabi/lib/armv6-m/libm.a(lib_a-s_atan.o)
                0x0001e870                atan
 .text.matherr  0x0001ebac        0x4 /home/nelson/Documents/CS4140ES_Embedded_Systems_Lab/software_package/gcc-arm-none-eabi/bin/../lib/gcc/arm-none-eabi/5.4.1/../../../../arm-none-eabi/lib/armv6-m/libm.a(lib_a-s_matherr.o)
                0x0001ebac                matherr
 .text.nan      0x0001ebb0        0xc /home/nelson/Documents/CS4140ES_Embedded_Systems_Lab/software_package/gcc-arm-none-eabi/bin/../lib/gcc/arm-none-eabi/5.4.1/../../../../arm-none-eabi/lib/armv6-m/libm.a(lib_a-s_nan.o)
                0x0001ebb0                nan
 .text          0x0001ebbc      0x114 /home/nelson/Documents/CS4140ES_Embedded_Systems_Lab/software_package/gcc-arm-none-eabi/bin/../lib/gcc/arm-none-eabi/5.4.1/armv6-m/libgcc.a(_udivsi3.o)
                0x0001ebbc                __udivsi3
                0x0001ebbc                __aeabi_uidiv
                0x0001ecc8                __aeabi_uidivmod
 .text          0x0001ecd0      0x1d4 /home/nelson/Documents/CS4140ES_Embedded_Systems_Lab/software_package/gcc-arm-none-eabi/bin/../lib/gcc/arm-none-eabi/5.4.1/armv6-m/libgcc.a(_divsi3.o)
                0x0001ecd0                __aeabi_idiv
                0x0001ecd0                __divsi3
                0x0001ee9c                __aeabi_idivmod
 .text          0x0001eea4        0x4 /home/nelson/Documents/CS4140ES_Embedded_Systems_Lab/software_package/gcc-arm-none-eabi/bin/../lib/gcc/arm-none-eabi/5.4.1/armv6-m/libgcc.a(_dvmd_tls.o)
                0x0001eea4                __aeabi_ldiv0
                0x0001eea4                __aeabi_idiv0
 .text          0x0001eea8       0x7c /home/nelson/Documents/CS4140ES_Embedded_Systems_Lab/software_package/gcc-arm-none-eabi/bin/../lib/gcc/arm-none-eabi/5.4.1/armv6-m/libgcc.a(_arm_cmpdf2.o)
                0x0001eea8                __aeabi_cdrcmple
                0x0001eeb8                __aeabi_cdcmple
                0x0001eeb8                __aeabi_cdcmpeq
                0x0001eec8                __aeabi_dcmpeq
                0x0001eed4                __aeabi_dcmplt
                0x0001eee8                __aeabi_dcmple
                0x0001eefc                __aeabi_dcmpgt
                0x0001ef10                __aeabi_dcmpge
 .text          0x0001ef24       0x74 /home/nelson/Documents/CS4140ES_Embedded_Systems_Lab/software_package/gcc-arm-none-eabi/bin/../lib/gcc/arm-none-eabi/5.4.1/armv6-m/libgcc.a(_arm_cmpsf2.o)
                0x0001ef24                __aeabi_cfrcmple
                0x0001ef2c                __aeabi_cfcmple
                0x0001ef2c                __aeabi_cfcmpeq
                0x0001ef3c                __aeabi_fcmpeq
                0x0001ef48                __aeabi_fcmplt
                0x0001ef5c                __aeabi_fcmple
                0x0001ef70                __aeabi_fcmpgt
                0x0001ef84                __aeabi_fcmpge
 .text          0x0001ef98       0x58 /home/nelson/Documents/CS4140ES_Embedded_Systems_Lab/software_package/gcc-arm-none-eabi/bin/../lib/gcc/arm-none-eabi/5.4.1/armv6-m/libgcc.a(_muldi3.o)
                0x0001ef98                __aeabi_lmul
                0x0001ef98                __muldi3
 .text          0x0001eff0       0x30 /home/nelson/Documents/CS4140ES_Embedded_Systems_Lab/software_package/gcc-arm-none-eabi/bin/../lib/gcc/arm-none-eabi/5.4.1/armv6-m/libgcc.a(_fixunssfsi.o)
                0x0001eff0                __aeabi_f2uiz
                0x0001eff0                __fixunssfsi
 .text          0x0001f020      0x2ec /home/nelson/Documents/CS4140ES_Embedded_Systems_Lab/software_package/gcc-arm-none-eabi/bin/../lib/gcc/arm-none-eabi/5.4.1/armv6-m/libgcc.a(addsf3.o)
                0x0001f020                __aeabi_fadd
 .text          0x0001f30c      0x234 /home/nelson/Documents/CS4140ES_Embedded_Systems_Lab/software_package/gcc-arm-none-eabi/bin/../lib/gcc/arm-none-eabi/5.4.1/armv6-m/libgcc.a(divsf3.o)
                0x0001f30c                __aeabi_fdiv
 .text          0x0001f540       0x50 /home/nelson/Documents/CS4140ES_Embedded_Systems_Lab/software_package/gcc-arm-none-eabi/bin/../lib/gcc/arm-none-eabi/5.4.1/armv6-m/libgcc.a(eqsf2.o)
                0x0001f540                __nesf2
                0x0001f540                __eqsf2
 .text          0x0001f590       0x88 /home/nelson/Documents/CS4140ES_Embedded_Systems_Lab/software_package/gcc-arm-none-eabi/bin/../lib/gcc/arm-none-eabi/5.4.1/armv6-m/libgcc.a(gesf2.o)
                0x0001f590                __gtsf2
                0x0001f590                __gesf2
 .text          0x0001f618       0x88 /home/nelson/Documents/CS4140ES_Embedded_Systems_Lab/software_package/gcc-arm-none-eabi/bin/../lib/gcc/arm-none-eabi/5.4.1/armv6-m/libgcc.a(lesf2.o)
                0x0001f618                __lesf2
                0x0001f618                __ltsf2
 .text          0x0001f6a0      0x228 /home/nelson/Documents/CS4140ES_Embedded_Systems_Lab/software_package/gcc-arm-none-eabi/bin/../lib/gcc/arm-none-eabi/5.4.1/armv6-m/libgcc.a(mulsf3.o)
                0x0001f6a0                __aeabi_fmul
 .text          0x0001f8c8      0x30c /home/nelson/Documents/CS4140ES_Embedded_Systems_Lab/software_package/gcc-arm-none-eabi/bin/../lib/gcc/arm-none-eabi/5.4.1/armv6-m/libgcc.a(subsf3.o)
                0x0001f8c8                __aeabi_fsub
 .text          0x0001fbd4       0x44 /home/nelson/Documents/CS4140ES_Embedded_Systems_Lab/software_package/gcc-arm-none-eabi/bin/../lib/gcc/arm-none-eabi/5.4.1/armv6-m/libgcc.a(fixsfsi.o)
                0x0001fbd4                __aeabi_f2iz
 .text          0x0001fc18       0x90 /home/nelson/Documents/CS4140ES_Embedded_Systems_Lab/software_package/gcc-arm-none-eabi/bin/../lib/gcc/arm-none-eabi/5.4.1/armv6-m/libgcc.a(floatsisf.o)
                0x0001fc18                __aeabi_i2f
 .text          0x0001fca8       0x7c /home/nelson/Documents/CS4140ES_Embedded_Systems_Lab/software_package/gcc-arm-none-eabi/bin/../lib/gcc/arm-none-eabi/5.4.1/armv6-m/libgcc.a(floatunsisf.o)
                0x0001fca8                __aeabi_ui2f
 .text          0x0001fd24      0x658 /home/nelson/Documents/CS4140ES_Embedded_Systems_Lab/software_package/gcc-arm-none-eabi/bin/../lib/gcc/arm-none-eabi/5.4.1/armv6-m/libgcc.a(adddf3.o)
                0x0001fd24                __aeabi_dadd
 .text          0x0002037c      0x62c /home/nelson/Documents/CS4140ES_Embedded_Systems_Lab/software_package/gcc-arm-none-eabi/bin/../lib/gcc/arm-none-eabi/5.4.1/armv6-m/libgcc.a(divdf3.o)
                0x0002037c                __aeabi_ddiv
 .text          0x000209a8       0x80 /home/nelson/Documents/CS4140ES_Embedded_Systems_Lab/software_package/gcc-arm-none-eabi/bin/../lib/gcc/arm-none-eabi/5.4.1/armv6-m/libgcc.a(eqdf2.o)
                0x000209a8                __eqdf2
                0x000209a8                __nedf2
 .text          0x00020a28       0xc8 /home/nelson/Documents/CS4140ES_Embedded_Systems_Lab/software_package/gcc-arm-none-eabi/bin/../lib/gcc/arm-none-eabi/5.4.1/armv6-m/libgcc.a(gedf2.o)
                0x00020a28                __gtdf2
                0x00020a28                __gedf2
 .text          0x00020af0       0xd4 /home/nelson/Documents/CS4140ES_Embedded_Systems_Lab/software_package/gcc-arm-none-eabi/bin/../lib/gcc/arm-none-eabi/5.4.1/armv6-m/libgcc.a(ledf2.o)
                0x00020af0                __ltdf2
                0x00020af0                __ledf2
 .text          0x00020bc4      0x4f4 /home/nelson/Documents/CS4140ES_Embedded_Systems_Lab/software_package/gcc-arm-none-eabi/bin/../lib/gcc/arm-none-eabi/5.4.1/armv6-m/libgcc.a(muldf3.o)
                0x00020bc4                __aeabi_dmul
 .text          0x000210b8      0x6a8 /home/nelson/Documents/CS4140ES_Embedded_Systems_Lab/software_package/gcc-arm-none-eabi/bin/../lib/gcc/arm-none-eabi/5.4.1/armv6-m/libgcc.a(subdf3.o)
                0x000210b8                __aeabi_dsub
 .text          0x00021760       0x40 /home/nelson/Documents/CS4140ES_Embedded_Systems_Lab/software_package/gcc-arm-none-eabi/bin/../lib/gcc/arm-none-eabi/5.4.1/armv6-m/libgcc.a(unorddf2.o)
                0x00021760                __aeabi_dcmpun
 .text          0x000217a0       0x6c /home/nelson/Documents/CS4140ES_Embedded_Systems_Lab/software_package/gcc-arm-none-eabi/bin/../lib/gcc/arm-none-eabi/5.4.1/armv6-m/libgcc.a(fixdfsi.o)
                0x000217a0                __aeabi_d2iz
 .text          0x0002180c       0x84 /home/nelson/Documents/CS4140ES_Embedded_Systems_Lab/software_package/gcc-arm-none-eabi/bin/../lib/gcc/arm-none-eabi/5.4.1/armv6-m/libgcc.a(floatsidf.o)
                0x0002180c                __aeabi_i2d
 .text          0x00021890       0xa8 /home/nelson/Documents/CS4140ES_Embedded_Systems_Lab/software_package/gcc-arm-none-eabi/bin/../lib/gcc/arm-none-eabi/5.4.1/armv6-m/libgcc.a(extendsfdf2.o)
                0x00021890                __aeabi_f2d
 .text          0x00021938       0x3c /home/nelson/Documents/CS4140ES_Embedded_Systems_Lab/software_package/gcc-arm-none-eabi/bin/../lib/gcc/arm-none-eabi/5.4.1/armv6-m/libgcc.a(_clzsi2.o)
                0x00021938                __clzsi2
 .text.__errno  0x00021974        0xc /home/nelson/Documents/CS4140ES_Embedded_Systems_Lab/software_package/gcc-arm-none-eabi/bin/../lib/gcc/arm-none-eabi/5.4.1/../../../../arm-none-eabi/lib/armv6-m/libc_nano.a(lib_a-errno.o)
                0x00021974                __errno
 .text.memcmp   0x00021980       0x1e /home/nelson/Documents/CS4140ES_Embedded_Systems_Lab/software_package/gcc-arm-none-eabi/bin/../lib/gcc/arm-none-eabi/5.4.1/../../../../arm-none-eabi/lib/armv6-m/libc_nano.a(lib_a-memcmp.o)
                0x00021980                memcmp
 .text.memcpy   0x0002199e       0x12 /home/nelson/Documents/CS4140ES_Embedded_Systems_Lab/software_package/gcc-arm-none-eabi/bin/../lib/gcc/arm-none-eabi/5.4.1/../../../../arm-none-eabi/lib/armv6-m/libc_nano.a(lib_a-memcpy-stub.o)
                0x0002199e                memcpy
 .text.printf   0x000219b0       0x34 /home/nelson/Documents/CS4140ES_Embedded_Systems_Lab/software_package/gcc-arm-none-eabi/bin/../lib/gcc/arm-none-eabi/5.4.1/../../../../arm-none-eabi/lib/armv6-m/libc_nano.a(lib_a-printf.o)
                0x000219b0                printf
                0x000219b0                iprintf
 .text.sprintf  0x000219e4       0x44 /home/nelson/Documents/CS4140ES_Embedded_Systems_Lab/software_package/gcc-arm-none-eabi/bin/../lib/gcc/arm-none-eabi/5.4.1/../../../../arm-none-eabi/lib/armv6-m/libc_nano.a(lib_a-sprintf.o)
                0x000219e4                sprintf
                0x000219e4                siprintf
 .text          0x00021a28        0xe /home/nelson/Documents/CS4140ES_Embedded_Systems_Lab/software_package/gcc-arm-none-eabi/bin/../lib/gcc/arm-none-eabi/5.4.1/../../../../arm-none-eabi/lib/armv6-m/libc_nano.a(lib_a-strlen.o)
                0x00021a28                strlen
 *fill*         0x00021a36        0x2 
 .text._cleanup_r
                0x00021a38       0x10 /home/nelson/Documents/CS4140ES_Embedded_Systems_Lab/software_package/gcc-arm-none-eabi/bin/../lib/gcc/arm-none-eabi/5.4.1/../../../../arm-none-eabi/lib/armv6-m/libc_nano.a(lib_a-findfp.o)
                0x00021a38                _cleanup_r
 .text.std.isra.0
                0x00021a48       0x48 /home/nelson/Documents/CS4140ES_Embedded_Systems_Lab/software_package/gcc-arm-none-eabi/bin/../lib/gcc/arm-none-eabi/5.4.1/../../../../arm-none-eabi/lib/armv6-m/libc_nano.a(lib_a-findfp.o)
 .text.__sfmoreglue
                0x00021a90       0x2c /home/nelson/Documents/CS4140ES_Embedded_Systems_Lab/software_package/gcc-arm-none-eabi/bin/../lib/gcc/arm-none-eabi/5.4.1/../../../../arm-none-eabi/lib/armv6-m/libc_nano.a(lib_a-findfp.o)
                0x00021a90                __sfmoreglue
 .text.__sinit  0x00021abc       0x68 /home/nelson/Documents/CS4140ES_Embedded_Systems_Lab/software_package/gcc-arm-none-eabi/bin/../lib/gcc/arm-none-eabi/5.4.1/../../../../arm-none-eabi/lib/armv6-m/libc_nano.a(lib_a-findfp.o)
                0x00021abc                __sinit
 .text.__sfp    0x00021b24       0x7c /home/nelson/Documents/CS4140ES_Embedded_Systems_Lab/software_package/gcc-arm-none-eabi/bin/../lib/gcc/arm-none-eabi/5.4.1/../../../../arm-none-eabi/lib/armv6-m/libc_nano.a(lib_a-findfp.o)
                0x00021b24                __sfp
 .text._fwalk_reent
                0x00021ba0       0x42 /home/nelson/Documents/CS4140ES_Embedded_Systems_Lab/software_package/gcc-arm-none-eabi/bin/../lib/gcc/arm-none-eabi/5.4.1/../../../../arm-none-eabi/lib/armv6-m/libc_nano.a(lib_a-fwalk.o)
                0x00021ba0                _fwalk_reent
 *fill*         0x00021be2        0x2 
 .text._malloc_r
                0x00021be4       0xc0 /home/nelson/Documents/CS4140ES_Embedded_Systems_Lab/software_package/gcc-arm-none-eabi/bin/../lib/gcc/arm-none-eabi/5.4.1/../../../../arm-none-eabi/lib/armv6-m/libc_nano.a(lib_a-nano-mallocr.o)
                0x00021be4                _malloc_r
 .text.__ssputs_r
                0x00021ca4       0xc4 /home/nelson/Documents/CS4140ES_Embedded_Systems_Lab/software_package/gcc-arm-none-eabi/bin/../lib/gcc/arm-none-eabi/5.4.1/../../../../arm-none-eabi/lib/armv6-m/libc_nano.a(lib_a-nano-svfprintf.o)
                0x00021ca4                __ssputs_r
 .text._svfprintf_r
                0x00021d68      0x1fc /home/nelson/Documents/CS4140ES_Embedded_Systems_Lab/software_package/gcc-arm-none-eabi/bin/../lib/gcc/arm-none-eabi/5.4.1/../../../../arm-none-eabi/lib/armv6-m/libc_nano.a(lib_a-nano-svfprintf.o)
                0x00021d68                _svfprintf_r
                0x00021d68                _svfiprintf_r
 .text.__sfputc_r
                0x00021f64       0x2a /home/nelson/Documents/CS4140ES_Embedded_Systems_Lab/software_package/gcc-arm-none-eabi/bin/../lib/gcc/arm-none-eabi/5.4.1/../../../../arm-none-eabi/lib/armv6-m/libc_nano.a(lib_a-nano-vfprintf.o)
 .text.__sfputs_r
                0x00021f8e       0x24 /home/nelson/Documents/CS4140ES_Embedded_Systems_Lab/software_package/gcc-arm-none-eabi/bin/../lib/gcc/arm-none-eabi/5.4.1/../../../../arm-none-eabi/lib/armv6-m/libc_nano.a(lib_a-nano-vfprintf.o)
                0x00021f8e                __sfputs_r
 *fill*         0x00021fb2        0x2 
 .text._vfprintf_r
                0x00021fb4      0x238 /home/nelson/Documents/CS4140ES_Embedded_Systems_Lab/software_package/gcc-arm-none-eabi/bin/../lib/gcc/arm-none-eabi/5.4.1/../../../../arm-none-eabi/lib/armv6-m/libc_nano.a(lib_a-nano-vfprintf.o)
                0x00021fb4                _vfiprintf_r
                0x00021fb4                _vfprintf_r
 .text._printf_common
                0x000221ec       0xdc /home/nelson/Documents/CS4140ES_Embedded_Systems_Lab/software_package/gcc-arm-none-eabi/bin/../lib/gcc/arm-none-eabi/5.4.1/../../../../arm-none-eabi/lib/armv6-m/libc_nano.a(lib_a-nano-vfprintf_i.o)
                0x000221ec                _printf_common
 .text._printf_i
                0x000222c8      0x244 /home/nelson/Documents/CS4140ES_Embedded_Systems_Lab/software_package/gcc-arm-none-eabi/bin/../lib/gcc/arm-none-eabi/5.4.1/../../../../arm-none-eabi/lib/armv6-m/libc_nano.a(lib_a-nano-vfprintf_i.o)
                0x000222c8                _printf_i
 .text._sbrk_r  0x0002250c       0x24 /home/nelson/Documents/CS4140ES_Embedded_Systems_Lab/software_package/gcc-arm-none-eabi/bin/../lib/gcc/arm-none-eabi/5.4.1/../../../../arm-none-eabi/lib/armv6-m/libc_nano.a(lib_a-sbrkr.o)
                0x0002250c                _sbrk_r
 .text.__sread  0x00022530       0x28 /home/nelson/Documents/CS4140ES_Embedded_Systems_Lab/software_package/gcc-arm-none-eabi/bin/../lib/gcc/arm-none-eabi/5.4.1/../../../../arm-none-eabi/lib/armv6-m/libc_nano.a(lib_a-stdio.o)
                0x00022530                __sread
 .text.__swrite
                0x00022558       0x38 /home/nelson/Documents/CS4140ES_Embedded_Systems_Lab/software_package/gcc-arm-none-eabi/bin/../lib/gcc/arm-none-eabi/5.4.1/../../../../arm-none-eabi/lib/armv6-m/libc_nano.a(lib_a-stdio.o)
                0x00022558                __swrite
 .text.__sseek  0x00022590       0x2c /home/nelson/Documents/CS4140ES_Embedded_Systems_Lab/software_package/gcc-arm-none-eabi/bin/../lib/gcc/arm-none-eabi/5.4.1/../../../../arm-none-eabi/lib/armv6-m/libc_nano.a(lib_a-stdio.o)
                0x00022590                __sseek
 .text.__sclose
                0x000225bc        0xc /home/nelson/Documents/CS4140ES_Embedded_Systems_Lab/software_package/gcc-arm-none-eabi/bin/../lib/gcc/arm-none-eabi/5.4.1/../../../../arm-none-eabi/lib/armv6-m/libc_nano.a(lib_a-stdio.o)
                0x000225bc                __sclose
 .text.__swbuf_r
                0x000225c8       0xb0 /home/nelson/Documents/CS4140ES_Embedded_Systems_Lab/software_package/gcc-arm-none-eabi/bin/../lib/gcc/arm-none-eabi/5.4.1/../../../../arm-none-eabi/lib/armv6-m/libc_nano.a(lib_a-wbuf.o)
                0x000225c8                __swbuf_r
 .text._write_r
                0x00022678       0x28 /home/nelson/Documents/CS4140ES_Embedded_Systems_Lab/software_package/gcc-arm-none-eabi/bin/../lib/gcc/arm-none-eabi/5.4.1/../../../../arm-none-eabi/lib/armv6-m/libc_nano.a(lib_a-writer.o)
                0x00022678                _write_r
 .text.__swsetup_r
                0x000226a0       0xec /home/nelson/Documents/CS4140ES_Embedded_Systems_Lab/software_package/gcc-arm-none-eabi/bin/../lib/gcc/arm-none-eabi/5.4.1/../../../../arm-none-eabi/lib/armv6-m/libc_nano.a(lib_a-wsetup.o)
                0x000226a0                __swsetup_r
 .text._close_r
                0x0002278c       0x24 /home/nelson/Documents/CS4140ES_Embedded_Systems_Lab/software_package/gcc-arm-none-eabi/bin/../lib/gcc/arm-none-eabi/5.4.1/../../../../arm-none-eabi/lib/armv6-m/libc_nano.a(lib_a-closer.o)
                0x0002278c                _close_r
 .text.__sflush_r
                0x000227b0      0x10c /home/nelson/Documents/CS4140ES_Embedded_Systems_Lab/software_package/gcc-arm-none-eabi/bin/../lib/gcc/arm-none-eabi/5.4.1/../../../../arm-none-eabi/lib/armv6-m/libc_nano.a(lib_a-fflush.o)
                0x000227b0                __sflush_r
 .text._fflush_r
                0x000228bc       0x58 /home/nelson/Documents/CS4140ES_Embedded_Systems_Lab/software_package/gcc-arm-none-eabi/bin/../lib/gcc/arm-none-eabi/5.4.1/../../../../arm-none-eabi/lib/armv6-m/libc_nano.a(lib_a-fflush.o)
                0x000228bc                _fflush_r
 .text._lseek_r
                0x00022914       0x28 /home/nelson/Documents/CS4140ES_Embedded_Systems_Lab/software_package/gcc-arm-none-eabi/bin/../lib/gcc/arm-none-eabi/5.4.1/../../../../arm-none-eabi/lib/armv6-m/libc_nano.a(lib_a-lseekr.o)
                0x00022914                _lseek_r
 .text.__swhatbuf_r
                0x0002293c       0x4c /home/nelson/Documents/CS4140ES_Embedded_Systems_Lab/software_package/gcc-arm-none-eabi/bin/../lib/gcc/arm-none-eabi/5.4.1/../../../../arm-none-eabi/lib/armv6-m/libc_nano.a(lib_a-makebuf.o)
                0x0002293c                __swhatbuf_r
 .text.__smakebuf_r
                0x00022988       0x7c /home/nelson/Documents/CS4140ES_Embedded_Systems_Lab/software_package/gcc-arm-none-eabi/bin/../lib/gcc/arm-none-eabi/5.4.1/../../../../arm-none-eabi/lib/armv6-m/libc_nano.a(lib_a-makebuf.o)
                0x00022988                __smakebuf_r
 .text.memchr   0x00022a04       0x16 /home/nelson/Documents/CS4140ES_Embedded_Systems_Lab/software_package/gcc-arm-none-eabi/bin/../lib/gcc/arm-none-eabi/5.4.1/../../../../arm-none-eabi/lib/armv6-m/libc_nano.a(lib_a-memchr-stub.o)
                0x00022a04                memchr
 .text.memmove  0x00022a1a       0x2a /home/nelson/Documents/CS4140ES_Embedded_Systems_Lab/software_package/gcc-arm-none-eabi/bin/../lib/gcc/arm-none-eabi/5.4.1/../../../../arm-none-eabi/lib/armv6-m/libc_nano.a(lib_a-memmove.o)
                0x00022a1a                memmove
 .text.__malloc_lock
                0x00022a44        0x2 /home/nelson/Documents/CS4140ES_Embedded_Systems_Lab/software_package/gcc-arm-none-eabi/bin/../lib/gcc/arm-none-eabi/5.4.1/../../../../arm-none-eabi/lib/armv6-m/libc_nano.a(lib_a-mlock.o)
                0x00022a44                __malloc_lock
 .text.__malloc_unlock
                0x00022a46        0x2 /home/nelson/Documents/CS4140ES_Embedded_Systems_Lab/software_package/gcc-arm-none-eabi/bin/../lib/gcc/arm-none-eabi/5.4.1/../../../../arm-none-eabi/lib/armv6-m/libc_nano.a(lib_a-mlock.o)
                0x00022a46                __malloc_unlock
 .text._free_r  0x00022a48       0x98 /home/nelson/Documents/CS4140ES_Embedded_Systems_Lab/software_package/gcc-arm-none-eabi/bin/../lib/gcc/arm-none-eabi/5.4.1/../../../../arm-none-eabi/lib/armv6-m/libc_nano.a(lib_a-nano-freer.o)
                0x00022a48                _free_r
 .text._realloc_r
                0x00022ae0       0x4c /home/nelson/Documents/CS4140ES_Embedded_Systems_Lab/software_package/gcc-arm-none-eabi/bin/../lib/gcc/arm-none-eabi/5.4.1/../../../../arm-none-eabi/lib/armv6-m/libc_nano.a(lib_a-nano-reallocr.o)
                0x00022ae0                _realloc_r
 .text._read_r  0x00022b2c       0x28 /home/nelson/Documents/CS4140ES_Embedded_Systems_Lab/software_package/gcc-arm-none-eabi/bin/../lib/gcc/arm-none-eabi/5.4.1/../../../../arm-none-eabi/lib/armv6-m/libc_nano.a(lib_a-readr.o)
                0x00022b2c                _read_r
 .text._fstat_r
                0x00022b54       0x24 /home/nelson/Documents/CS4140ES_Embedded_Systems_Lab/software_package/gcc-arm-none-eabi/bin/../lib/gcc/arm-none-eabi/5.4.1/../../../../arm-none-eabi/lib/armv6-m/libc_nano.a(lib_a-fstatr.o)
                0x00022b54                _fstat_r
 .text._isatty_r
                0x00022b78       0x24 /home/nelson/Documents/CS4140ES_Embedded_Systems_Lab/software_package/gcc-arm-none-eabi/bin/../lib/gcc/arm-none-eabi/5.4.1/../../../../arm-none-eabi/lib/armv6-m/libc_nano.a(lib_a-isattyr.o)
                0x00022b78                _isatty_r
 .text._malloc_usable_size_r
                0x00022b9c       0x16 /home/nelson/Documents/CS4140ES_Embedded_Systems_Lab/software_package/gcc-arm-none-eabi/bin/../lib/gcc/arm-none-eabi/5.4.1/../../../../arm-none-eabi/lib/armv6-m/libc_nano.a(lib_a-nano-msizer.o)
                0x00022b9c                _malloc_usable_size_r
 *fill*         0x00022bb2        0x2 
 .text._close   0x00022bb4       0x10 /home/nelson/Documents/CS4140ES_Embedded_Systems_Lab/software_package/gcc-arm-none-eabi/bin/../lib/gcc/arm-none-eabi/5.4.1/../../../../arm-none-eabi/lib/armv6-m/libnosys.a(close.o)
                0x00022bb4                _close
 .text._fstat   0x00022bc4       0x10 /home/nelson/Documents/CS4140ES_Embedded_Systems_Lab/software_package/gcc-arm-none-eabi/bin/../lib/gcc/arm-none-eabi/5.4.1/../../../../arm-none-eabi/lib/armv6-m/libnosys.a(fstat.o)
                0x00022bc4                _fstat
 .text._isatty  0x00022bd4       0x10 /home/nelson/Documents/CS4140ES_Embedded_Systems_Lab/software_package/gcc-arm-none-eabi/bin/../lib/gcc/arm-none-eabi/5.4.1/../../../../arm-none-eabi/lib/armv6-m/libnosys.a(isatty.o)
                0x00022bd4                _isatty
 .text._lseek   0x00022be4       0x10 /home/nelson/Documents/CS4140ES_Embedded_Systems_Lab/software_package/gcc-arm-none-eabi/bin/../lib/gcc/arm-none-eabi/5.4.1/../../../../arm-none-eabi/lib/armv6-m/libnosys.a(lseek.o)
                0x00022be4                _lseek
 .text._read    0x00022bf4       0x10 /home/nelson/Documents/CS4140ES_Embedded_Systems_Lab/software_package/gcc-arm-none-eabi/bin/../lib/gcc/arm-none-eabi/5.4.1/../../../../arm-none-eabi/lib/armv6-m/libnosys.a(read.o)
                0x00022bf4                _read
 .text._sbrk    0x00022c04       0x1c /home/nelson/Documents/CS4140ES_Embedded_Systems_Lab/software_package/gcc-arm-none-eabi/bin/../lib/gcc/arm-none-eabi/5.4.1/../../../../arm-none-eabi/lib/armv6-m/libnosys.a(sbrk.o)
                0x00022c04                _sbrk
 *(.init)
 .init          0x00022c20        0x4 /home/nelson/Documents/CS4140ES_Embedded_Systems_Lab/software_package/gcc-arm-none-eabi/bin/../lib/gcc/arm-none-eabi/5.4.1/armv6-m/crti.o
                0x00022c20                _init
 .init          0x00022c24        0x8 /home/nelson/Documents/CS4140ES_Embedded_Systems_Lab/software_package/gcc-arm-none-eabi/bin/../lib/gcc/arm-none-eabi/5.4.1/armv6-m/crtn.o
 *(.fini)
 .fini          0x00022c2c        0x4 /home/nelson/Documents/CS4140ES_Embedded_Systems_Lab/software_package/gcc-arm-none-eabi/bin/../lib/gcc/arm-none-eabi/5.4.1/armv6-m/crti.o
                0x00022c2c                _fini
 .fini          0x00022c30        0x8 /home/nelson/Documents/CS4140ES_Embedded_Systems_Lab/software_package/gcc-arm-none-eabi/bin/../lib/gcc/arm-none-eabi/5.4.1/armv6-m/crtn.o
 *crtbegin.o(.ctors)
 *crtbegin?.o(.ctors)
 *(EXCLUDE_FILE(*crtend.o *crtend?.o) .ctors)
 *(SORT(.ctors.*))
 *(.ctors)
 *crtbegin.o(.dtors)
 *crtbegin?.o(.dtors)
 *(EXCLUDE_FILE(*crtend.o *crtend?.o) .dtors)
 *(SORT(.dtors.*))
 *(.dtors)
 *(.rodata*)
 .rodata.str1.1
                0x00022c38        0x2 /home/nelson/Documents/CS4140ES_Embedded_Systems_Lab/software_package/gcc-arm-none-eabi/bin/../lib/gcc/arm-none-eabi/5.4.1/../../../../arm-none-eabi/lib/armv6-m/libc_nano.a(lib_a-impure.o)
 *fill*         0x00022c3a        0x2 
 .rodata._global_impure_ptr
                0x00022c3c        0x4 /home/nelson/Documents/CS4140ES_Embedded_Systems_Lab/software_package/gcc-arm-none-eabi/bin/../lib/gcc/arm-none-eabi/5.4.1/../../../../arm-none-eabi/lib/armv6-m/libc_nano.a(lib_a-impure.o)
                0x00022c3c                _global_impure_ptr
 .rodata.str1.4
                0x00022c40       0xca _build/in4073.o
 *fill*         0x00022d0a        0x2 
 .rodata.crc8_table
                0x00022d0c      0x100 _build/in4073.o
 .rodata.str1.4
                0x00022e0c       0x29 _build/control.o
 *fill*         0x00022e35        0x3 
 .rodata.quadrupel_timer.7174
                0x00022e38        0x4 _build/timers.o
 .rodata.str1.4
                0x00022e3c       0x11 _build/uart.o
 *fill*         0x00022e4d        0x3 
 .rodata.str1.4
                0x00022e50       0x38 _build/twi.o
 .rodata.str1.4
                0x00022e88       0x12 _build/ble.o
 *fill*         0x00022e9a        0x2 
 .rodata.test   0x00022e9c       0x28 _build/inv_mpu.o
                0x00022e9c                test
 .rodata.str1.4
                0x00022ec4       0xa6 _build/inv_mpu.o
 *fill*         0x00022f6a        0x2 
 .rodata.hw     0x00022f6c        0xc _build/inv_mpu.o
                0x00022f6c                hw
 .rodata.reg    0x00022f78       0x1e _build/inv_mpu.o
                0x00022f78                reg
 *fill*         0x00022f96        0x2 
 .rodata        0x00022f98       0x4b _build/inv_mpu_dmp_motion_driver.o
 *fill*         0x00022fe3        0x1 
 .rodata.dmp_memory
                0x00022fe4      0xbf6 _build/inv_mpu_dmp_motion_driver.o
 *fill*         0x00023bda        0x2 
 .rodata.str1.4
                0x00023bdc      0x14a _build/mpu_wrapper.o
 *fill*         0x00023d26        0x2 
 .rodata.str1.4
                0x00023d28       0x27 _build/app_error.o
 *fill*         0x00023d4f        0x1 
 .rodata.m_conn_params_timer_id
                0x00023d50        0x4 _build/ble_conn_params.o
 .rodata        0x00023d54       0x10 _build/ble_nus.o
 .rodata.str1.4
                0x00023d64        0x8 /home/nelson/Documents/CS4140ES_Embedded_Systems_Lab/software_package/gcc-arm-none-eabi/bin/../lib/gcc/arm-none-eabi/5.4.1/../../../../arm-none-eabi/lib/armv6-m/libm.a(lib_a-w_asin.o)
                                  0x9 (size before relaxing)
 *fill*         0x00023d6c        0x4 
 .rodata.atanlo
                0x00023d70       0x20 /home/nelson/Documents/CS4140ES_Embedded_Systems_Lab/software_package/gcc-arm-none-eabi/bin/../lib/gcc/arm-none-eabi/5.4.1/../../../../arm-none-eabi/lib/armv6-m/libm.a(lib_a-s_atan.o)
 .rodata.atanhi
                0x00023d90       0x20 /home/nelson/Documents/CS4140ES_Embedded_Systems_Lab/software_package/gcc-arm-none-eabi/bin/../lib/gcc/arm-none-eabi/5.4.1/../../../../arm-none-eabi/lib/armv6-m/libm.a(lib_a-s_atan.o)
 .rodata        0x00023db0       0x80 /home/nelson/Documents/CS4140ES_Embedded_Systems_Lab/software_package/gcc-arm-none-eabi/bin/../lib/gcc/arm-none-eabi/5.4.1/armv6-m/libgcc.a(divsf3.o)
 .rodata        0x00023e30       0x40 /home/nelson/Documents/CS4140ES_Embedded_Systems_Lab/software_package/gcc-arm-none-eabi/bin/../lib/gcc/arm-none-eabi/5.4.1/armv6-m/libgcc.a(mulsf3.o)
 .rodata        0x00023e70       0x40 /home/nelson/Documents/CS4140ES_Embedded_Systems_Lab/software_package/gcc-arm-none-eabi/bin/../lib/gcc/arm-none-eabi/5.4.1/armv6-m/libgcc.a(divdf3.o)
 .rodata        0x00023eb0       0x40 /home/nelson/Documents/CS4140ES_Embedded_Systems_Lab/software_package/gcc-arm-none-eabi/bin/../lib/gcc/arm-none-eabi/5.4.1/armv6-m/libgcc.a(muldf3.o)
 .rodata.__sf_fake_stdin
                0x00023ef0       0x20 /home/nelson/Documents/CS4140ES_Embedded_Systems_Lab/software_package/gcc-arm-none-eabi/bin/../lib/gcc/arm-none-eabi/5.4.1/../../../../arm-none-eabi/lib/armv6-m/libc_nano.a(lib_a-findfp.o)
                0x00023ef0                __sf_fake_stdin
 .rodata.__sf_fake_stdout
                0x00023f10       0x20 /home/nelson/Documents/CS4140ES_Embedded_Systems_Lab/software_package/gcc-arm-none-eabi/bin/../lib/gcc/arm-none-eabi/5.4.1/../../../../arm-none-eabi/lib/armv6-m/libc_nano.a(lib_a-findfp.o)
                0x00023f10                __sf_fake_stdout
 .rodata.__sf_fake_stderr
                0x00023f30       0x20 /home/nelson/Documents/CS4140ES_Embedded_Systems_Lab/software_package/gcc-arm-none-eabi/bin/../lib/gcc/arm-none-eabi/5.4.1/../../../../arm-none-eabi/lib/armv6-m/libc_nano.a(lib_a-findfp.o)
                0x00023f30                __sf_fake_stderr
 .rodata.str1.1
                0x00023f50       0x11 /home/nelson/Documents/CS4140ES_Embedded_Systems_Lab/software_package/gcc-arm-none-eabi/bin/../lib/gcc/arm-none-eabi/5.4.1/../../../../arm-none-eabi/lib/armv6-m/libc_nano.a(lib_a-nano-svfprintf.o)
 .rodata.str1.1
                0x00023f61       0x11 /home/nelson/Documents/CS4140ES_Embedded_Systems_Lab/software_package/gcc-arm-none-eabi/bin/../lib/gcc/arm-none-eabi/5.4.1/../../../../arm-none-eabi/lib/armv6-m/libc_nano.a(lib_a-nano-vfprintf.o)
 .rodata.str1.1
                0x00023f61       0x22 /home/nelson/Documents/CS4140ES_Embedded_Systems_Lab/software_package/gcc-arm-none-eabi/bin/../lib/gcc/arm-none-eabi/5.4.1/../../../../arm-none-eabi/lib/armv6-m/libc_nano.a(lib_a-nano-vfprintf_i.o)
 *(.eh_frame*)
 *fill*         0x00023f83        0x1 
 .eh_frame      0x00023f84        0x0 /home/nelson/Documents/CS4140ES_Embedded_Systems_Lab/software_package/gcc-arm-none-eabi/bin/../lib/gcc/arm-none-eabi/5.4.1/armv6-m/crtbegin.o
                0x00023f84                . = ALIGN (0x4)

.glue_7         0x00023f84        0x0
 .glue_7        0x00023f84        0x0 linker stubs

.glue_7t        0x00023f84        0x0
 .glue_7t       0x00023f84        0x0 linker stubs

.vfp11_veneer   0x00023f84        0x0
 .vfp11_veneer  0x00023f84        0x0 linker stubs

.v4_bx          0x00023f84        0x0
 .v4_bx         0x00023f84        0x0 linker stubs

.iplt           0x00023f84        0x0
 .iplt          0x00023f84        0x0 /home/nelson/Documents/CS4140ES_Embedded_Systems_Lab/software_package/gcc-arm-none-eabi/bin/../lib/gcc/arm-none-eabi/5.4.1/armv6-m/crtbegin.o

.ARM.extab      0x00023f84        0x0
 *(.ARM.extab* .gnu.linkonce.armextab.*)
                0x00023f84                . = ALIGN (0x4)
                0x00023f84                __exidx_start = .

.ARM.exidx      0x00023f84        0x8
 *(.ARM.exidx* .gnu.linkonce.armexidx.*)
 .ARM.exidx     0x00023f84        0x8 /home/nelson/Documents/CS4140ES_Embedded_Systems_Lab/software_package/gcc-arm-none-eabi/bin/../lib/gcc/arm-none-eabi/5.4.1/../../../../arm-none-eabi/lib/armv6-m/crt0.o
 .ARM.exidx     0x00023f8c        0x0 _build/gcc_startup_nrf51.o
                                  0x8 (size before relaxing)
                0x00023f8c                . = ALIGN (0x4)
                0x00023f8c                __exidx_end = .
                0x00023f8c                __etext = .

.rel.dyn        0x00023f8c        0x0
 .rel.iplt      0x00023f8c        0x0 /home/nelson/Documents/CS4140ES_Embedded_Systems_Lab/software_package/gcc-arm-none-eabi/bin/../lib/gcc/arm-none-eabi/5.4.1/armv6-m/crtbegin.o

.data           0x20002000       0xb4 load address 0x00023f8c
                0x20002000                __data_start__ = .
 *(vtable)
 *(.data*)
 .data.impure_data
                0x20002000       0x60 /home/nelson/Documents/CS4140ES_Embedded_Systems_Lab/software_package/gcc-arm-none-eabi/bin/../lib/gcc/arm-none-eabi/5.4.1/../../../../arm-none-eabi/lib/armv6-m/libc_nano.a(lib_a-impure.o)
 .data._impure_ptr
                0x20002060        0x4 /home/nelson/Documents/CS4140ES_Embedded_Systems_Lab/software_package/gcc-arm-none-eabi/bin/../lib/gcc/arm-none-eabi/5.4.1/../../../../arm-none-eabi/lib/armv6-m/libc_nano.a(lib_a-impure.o)
                0x20002060                _impure_ptr
 .data.txd_available
                0x20002064        0x1 _build/uart.o
                0x20002064                txd_available
 *fill*         0x20002065        0x3 
 .data.m_adv_uuids
                0x20002068        0x4 _build/ble.o
 .data.m_conn_handle
                0x2000206c        0x2 _build/ble.o
 *fill*         0x2000206e        0x2 
 .data.st       0x20002070       0x2c _build/inv_mpu.o
 .data.gyro_orientation.7094
                0x2000209c        0x9 _build/mpu_wrapper.o
 *fill*         0x200020a5        0x1 
 .data.current_slave_link_conn_handle.7275
                0x200020a6        0x2 _build/ble_advertising.o
 .data.__fdlib_version
                0x200020a8        0x1 /home/nelson/Documents/CS4140ES_Embedded_Systems_Lab/software_package/gcc-arm-none-eabi/bin/../lib/gcc/arm-none-eabi/5.4.1/../../../../arm-none-eabi/lib/armv6-m/libm.a(lib_a-s_lib_ver.o)
                0x200020a8                __fdlib_version
                0x200020ac                . = ALIGN (0x4)
 *fill*         0x200020a9        0x3 
                0x200020ac                PROVIDE (__preinit_array_start, .)
 *(.preinit_array)
                0x200020ac                PROVIDE (__preinit_array_end, .)
                0x200020ac                . = ALIGN (0x4)
                0x200020ac                PROVIDE (__init_array_start, .)
 *(SORT(.init_array.*))
 *(.init_array)
 .init_array    0x200020ac        0x4 /home/nelson/Documents/CS4140ES_Embedded_Systems_Lab/software_package/gcc-arm-none-eabi/bin/../lib/gcc/arm-none-eabi/5.4.1/armv6-m/crtbegin.o
                0x200020b0                PROVIDE (__init_array_end, .)
                0x200020b0                . = ALIGN (0x4)
                [!provide]                PROVIDE (__fini_array_start, .)
 *(SORT(.fini_array.*))
 *(.fini_array)
 .fini_array    0x200020b0        0x4 /home/nelson/Documents/CS4140ES_Embedded_Systems_Lab/software_package/gcc-arm-none-eabi/bin/../lib/gcc/arm-none-eabi/5.4.1/armv6-m/crtbegin.o
                [!provide]                PROVIDE (__fini_array_end, .)
 *(.jcr)
 .jcr           0x200020b4        0x0 /home/nelson/Documents/CS4140ES_Embedded_Systems_Lab/software_package/gcc-arm-none-eabi/bin/../lib/gcc/arm-none-eabi/5.4.1/armv6-m/crtbegin.o
                0x200020b4                . = ALIGN (0x4)
                0x200020b4                __data_end__ = .

.igot.plt       0x200020b4        0x0 load address 0x00024040
 .igot.plt      0x200020b4        0x0 /home/nelson/Documents/CS4140ES_Embedded_Systems_Lab/software_package/gcc-arm-none-eabi/bin/../lib/gcc/arm-none-eabi/5.4.1/armv6-m/crtbegin.o

.bss            0x200020b4      0xb50 load address 0x00024040
                0x200020b4                . = ALIGN (0x4)
                0x200020b4                __bss_start__ = .
 *(.bss*)
 .bss           0x200020b4       0x1c /home/nelson/Documents/CS4140ES_Embedded_Systems_Lab/software_package/gcc-arm-none-eabi/bin/../lib/gcc/arm-none-eabi/5.4.1/armv6-m/crtbegin.o
 .bss.read_address
                0x200020d0        0x4 _build/in4073.o
                0x200020d0                read_address
 .bss.receiving_data
                0x200020d4        0x1 _build/in4073.o
                0x200020d4                receiving_data
 .bss.cal_count
                0x200020d5        0x1 _build/control.o
                0x200020d5                cal_count
 *fill*         0x200020d6        0x2 
 .bss.quadrupel_timer_data.7173
                0x200020d8       0x20 _build/timers.o
 .bss.APP_TIMER_BUF.7170
                0x200020f8      0x1c8 _build/timers.o
 .bss.sent      0x200022c0        0x1 _build/twi.o
 .bss.read      0x200022c1        0x1 _build/twi.o
 .bss.loop_count
                0x200022c2        0x1 _build/baro.o
 *fill*         0x200022c3        0x1 
 .bss.data.7087
                0x200022c4        0x2 _build/baro.o
 *fill*         0x200022c6        0x2 
 .bss.prom      0x200022c8       0x10 _build/baro.o
 .bss.data      0x200022d8        0x3 _build/baro.o
 *fill*         0x200022db        0x1 
 .bss.initTime  0x200022dc        0x4 _build/baro.o
                0x200022dc                initTime
 .bss.BLE_EVT_BUFFER.9018
                0x200022e0       0x48 _build/ble.o
 .bss.m_nus     0x20002328       0x1c _build/ble.o
 .bss.spi_config_table
                0x20002344        0xc _build/spi_flash.o
 .bss.SPI       0x20002350        0x4 _build/spi_flash.o
 .bss.dmp       0x20002354       0x10 _build/inv_mpu_dmp_motion_driver.o
 .bss.m_ticks_latest
                0x20002364        0x4 _build/app_timer.o
 .bss.mp_timer_id_head
                0x20002368        0x4 _build/app_timer.o
 .bss.m_evt_schedule_func
                0x2000236c        0x4 _build/app_timer.o
 .bss.m_user_array_size
                0x20002370        0x1 _build/app_timer.o
 *fill*         0x20002371        0x3 
 .bss.mp_users  0x20002374        0x4 _build/app_timer.o
 .bss.m_ticks_elapsed_q_read_ind
                0x20002378        0x1 _build/app_timer.o
 .bss.m_ticks_elapsed_q_write_ind
                0x20002379        0x1 _build/app_timer.o
 .bss.m_rtc1_reset
                0x2000237a        0x1 _build/app_timer.o
 *fill*         0x2000237b        0x1 
 .bss.m_ticks_elapsed
                0x2000237c        0x8 _build/app_timer.o
 .bss.m_rtc1_running
                0x20002384        0x1 _build/app_timer.o
 *fill*         0x20002385        0x3 
 .bss.m_cmd_queue
                0x20002388       0xcc _build/pstorage.o
 .bss.m_flags   0x20002454        0x4 _build/pstorage.o
 .bss.m_advdata
                0x20002458       0x38 _build/ble_advertising.o
 .bss.m_manuf_specific_data
                0x20002490        0xc _build/ble_advertising.o
 .bss.m_evt_handler
                0x2000249c        0x4 _build/ble_advertising.o
 .bss.m_advertising_start_pending
                0x200024a0        0x1 _build/ble_advertising.o
 *fill*         0x200024a1        0x3 
 .bss.m_manuf_data_array
                0x200024a4       0x1f _build/ble_advertising.o
 .bss.m_whitelist_temporarily_disabled
                0x200024c3        0x1 _build/ble_advertising.o
 .bss.m_error_handler
                0x200024c4        0x4 _build/ble_advertising.o
 .bss.m_peer_address
                0x200024c8        0x7 _build/ble_advertising.o
 *fill*         0x200024cf        0x1 
 .bss.m_adv_modes_config
                0x200024d0       0x24 _build/ble_advertising.o
 .bss.mp_whitelist_addr
                0x200024f4       0x20 _build/ble_advertising.o
 .bss.m_tx_power_level
                0x20002514        0x1 _build/ble_advertising.o
 *fill*         0x20002515        0x3 
 .bss.m_whitelist
                0x20002518       0x10 _build/ble_advertising.o
 .bss.m_service_data_array
                0x20002528       0x1f _build/ble_advertising.o
 .bss.m_whitelist_reply_expected
                0x20002547        0x1 _build/ble_advertising.o
 .bss.mp_whitelist_irk
                0x20002548       0x20 _build/ble_advertising.o
 .bss.m_adv_mode_current
                0x20002568        0x1 _build/ble_advertising.o
 .bss.m_peer_addr_reply_expected
                0x20002569        0x1 _build/ble_advertising.o
 *fill*         0x2000256a        0x2 
 .bss.m_slave_conn_int
                0x2000256c        0x4 _build/ble_advertising.o
 .bss.m_service_data
                0x20002570        0xc _build/ble_advertising.o
 .bss.m_adv_evt
                0x2000257c        0x1 _build/ble_advertising.o
 .bss.m_change_param
                0x2000257d        0x1 _build/ble_conn_params.o
 *fill*         0x2000257e        0x2 
 .bss.m_current_conn_params
                0x20002580        0x8 _build/ble_conn_params.o
 .bss.m_update_count
                0x20002588        0x1 _build/ble_conn_params.o
 *fill*         0x20002589        0x3 
 .bss.m_conn_params_config
                0x2000258c       0x1c _build/ble_conn_params.o
 .bss.m_conn_params_timer_id_data
                0x200025a8       0x20 _build/ble_conn_params.o
 .bss.m_conn_handle
                0x200025c8        0x2 _build/ble_conn_params.o
 *fill*         0x200025ca        0x2 
 .bss.m_preferred_conn_params
                0x200025cc        0x8 _build/ble_conn_params.o
 .bss.m_softdevice_enabled
                0x200025d4        0x1 _build/softdevice_handler.o
 *fill*         0x200025d5        0x1 
 .bss.m_ble_evt_buffer_size
                0x200025d6        0x2 _build/softdevice_handler.o
 .bss.mp_ble_evt_buffer
                0x200025d8        0x4 _build/softdevice_handler.o
 .bss.m_sys_evt_handler
                0x200025dc        0x4 _build/softdevice_handler.o
 .bss.m_ble_evt_handler
                0x200025e0        0x4 _build/softdevice_handler.o
 .bss.m_evt_schedule_func
                0x200025e4        0x4 _build/softdevice_handler.o
 .bss.__malloc_sbrk_start
                0x200025e8        0x4 /home/nelson/Documents/CS4140ES_Embedded_Systems_Lab/software_package/gcc-arm-none-eabi/bin/../lib/gcc/arm-none-eabi/5.4.1/../../../../arm-none-eabi/lib/armv6-m/libc_nano.a(lib_a-nano-mallocr.o)
                0x200025e8                __malloc_sbrk_start
 .bss.__malloc_free_list
                0x200025ec        0x4 /home/nelson/Documents/CS4140ES_Embedded_Systems_Lab/software_package/gcc-arm-none-eabi/bin/../lib/gcc/arm-none-eabi/5.4.1/../../../../arm-none-eabi/lib/armv6-m/libc_nano.a(lib_a-nano-mallocr.o)
                0x200025ec                __malloc_free_list
 .bss.heap_end.4167
                0x200025f0        0x4 /home/nelson/Documents/CS4140ES_Embedded_Systems_Lab/software_package/gcc-arm-none-eabi/bin/../lib/gcc/arm-none-eabi/5.4.1/../../../../arm-none-eabi/lib/armv6-m/libnosys.a(sbrk.o)
 *(COMMON)
 COMMON         0x200025f4      0x5fa _build/in4073.o
                0x200025f4                fixed_pressure
                0x200025f8                say
                0x200025fc                roll_angle_err
                0x20002600                C1
                0x20002604                processed_pitch
                0x20002608                cal_sq
                0x2000260c                loop_time
                0x20002610                cur_time
                0x20002614                psi
                0x20002618                processed_yaw
                0x2000261c                sensor_fifo_count
                0x20002620                P2PHI
                0x20002624                command_type
                0x20002628                prev_pitch_x
                0x20002630                bias
                0x20002634                P1
                0x20002638                data_r2
                0x20002660                stheta
                0x20002664                processed_roll
                0x20002668                cal_theta
                0x2000266c                filter_stop_time
                0x20002670                saz
                0x20002674                q_kalman
                0x20002678                filter_start_time
                0x2000267c                roll_new
                0x20002680                Q
                0x20002684                cal_sp
                0x20002688                pitch_angle_err
                0x2000268c                rx_queue
                0x20002794                phi_error
                0x20002798                prev_yaw_y
                0x200027a0                phi
                0x200027a2                P2
                0x200027a4                temperature
                0x200027a8                tot_intr_time
                0x200027ac                throttle
                0x200027ae                c_phi
                0x200027b0                c_sq
                0x200027b2                crc
                0x200027b4                prev_roll_x
                0x200027bc                theta
                0x200027c0                pressure
                0x200027c4                C2
                0x200027c8                cal_phi
                0x200027cc                c_psi
                0x200027ce                mode
                0x200027d0                start_time
                0x200027d4                tx_queue
                0x200028dc                sphi
                0x200028e0                sax
                0x200028e4                t_access
                0x200028e8                cycle_time
                0x200028ec                q_bias
                0x200028f0                roll_rate_err
                0x200028f4                sq
                0x200028f8                throttle_new
                0x200028fc                intr_stop_time
                0x20002900                prev_roll_y
                0x20002908                response_time
                0x2000290c                data
                0x20002932                bat_volt
                0x20002934                c_sr
                0x20002938                prev_yaw_x
                0x20002940                size
                0x20002944                ble_rx_queue
                0x20002a4c                phi_kalman
                0x20002a50                cal_psi
                0x20002a54                cal_sr
                0x20002a58                intr_start_time
                0x20002a5c                pitch_rate_err
                0x20002a60                prev_pitch_y
                0x20002a68                frame
                0x20002a6c                error
                0x20002a70                sp
                0x20002a74                theta_kalman
                0x20002a78                last_receiving_time
                0x20002a7c                p_kalman
                0x20002a80                raw_mode
                0x20002a81                radio_active
                0x20002a84                prev_loop_time
                0x20002a88                motor
                0x20002a90                yaw
                0x20002a94                last_correct_checksum_time
                0x20002a98                pitch_new
                0x20002a9c                pitch
                0x20002a9e                roll
                0x20002aa0                ble_tx_queue
                0x20002ba8                theta_error
                0x20002bac                ae
                0x20002bb4                f_throttle
                0x20002bb6                c_theta
                0x20002bb8                sr
                0x20002bbc                data_r
                0x20002be2                y_err
                0x20002be4                p_bias
                0x20002be8                demo_done
                0x20002be9                P
                0x20002bea                height_mode
                0x20002bec                c_sp
 *fill*         0x20002bee        0x2 
 COMMON         0x20002bf0        0x5 _build/timers.o
                0x20002bf0                global_time
                0x20002bf4                timer_flag
 *fill*         0x20002bf5        0x3 
 COMMON         0x20002bf8        0x8 _build/baro.o
                0x20002bf8                D2
                0x20002bfc                D1
 COMMON         0x20002c00        0x4 /home/nelson/Documents/CS4140ES_Embedded_Systems_Lab/software_package/gcc-arm-none-eabi/bin/../lib/gcc/arm-none-eabi/5.4.1/../../../../arm-none-eabi/lib/armv6-m/libc_nano.a(lib_a-reent.o)
                0x20002c00                errno
                0x20002c04                . = ALIGN (0x4)
                0x20002c04                __bss_end__ = .

.heap           0x20002c08      0x800
                0x20002c08                __end__ = .
                0x20002c08                end = __end__
 *(.heap*)
 .heap          0x20002c08      0x800 _build/gcc_startup_nrf51.o
                0x20002c08                __HeapBase
                0x20003408                __HeapLimit = .

.stack_dummy    0x20002c08      0x800
 *(.stack*)
 .stack         0x20002c08      0x800 _build/gcc_startup_nrf51.o
                0x20004000                __StackTop = (ORIGIN (RAM) + LENGTH (RAM))
                0x20003800                __StackLimit = (__StackTop - SIZEOF (.stack_dummy))
                0x20004000                PROVIDE (__stack, __StackTop)
                0x00000001                ASSERT ((__StackLimit >= __HeapLimit), region RAM overflowed with stack)
OUTPUT(_build/in4073.out elf32-littlearm)

.ARM.attributes
                0x00000000       0x28
 .ARM.attributes
                0x00000000       0x1e /home/nelson/Documents/CS4140ES_Embedded_Systems_Lab/software_package/gcc-arm-none-eabi/bin/../lib/gcc/arm-none-eabi/5.4.1/armv6-m/crti.o
 .ARM.attributes
                0x0000001e       0x2c /home/nelson/Documents/CS4140ES_Embedded_Systems_Lab/software_package/gcc-arm-none-eabi/bin/../lib/gcc/arm-none-eabi/5.4.1/armv6-m/crtbegin.o
 .ARM.attributes
                0x0000004a       0x1b /home/nelson/Documents/CS4140ES_Embedded_Systems_Lab/software_package/gcc-arm-none-eabi/bin/../lib/gcc/arm-none-eabi/5.4.1/../../../../arm-none-eabi/lib/armv6-m/crt0.o
 .ARM.attributes
                0x00000065       0x2c /home/nelson/Documents/CS4140ES_Embedded_Systems_Lab/software_package/gcc-arm-none-eabi/bin/../lib/gcc/arm-none-eabi/5.4.1/../../../../arm-none-eabi/lib/armv6-m/libc_nano.a(lib_a-exit.o)
 .ARM.attributes
                0x00000091       0x2c /home/nelson/Documents/CS4140ES_Embedded_Systems_Lab/software_package/gcc-arm-none-eabi/bin/../lib/gcc/arm-none-eabi/5.4.1/../../../../arm-none-eabi/lib/armv6-m/libc_nano.a(lib_a-impure.o)
 .ARM.attributes
                0x000000bd       0x2c /home/nelson/Documents/CS4140ES_Embedded_Systems_Lab/software_package/gcc-arm-none-eabi/bin/../lib/gcc/arm-none-eabi/5.4.1/../../../../arm-none-eabi/lib/armv6-m/libc_nano.a(lib_a-init.o)
 .ARM.attributes
                0x000000e9       0x2c /home/nelson/Documents/CS4140ES_Embedded_Systems_Lab/software_package/gcc-arm-none-eabi/bin/../lib/gcc/arm-none-eabi/5.4.1/../../../../arm-none-eabi/lib/armv6-m/libc_nano.a(lib_a-memset.o)
 .ARM.attributes
                0x00000115       0x2c /home/nelson/Documents/CS4140ES_Embedded_Systems_Lab/software_package/gcc-arm-none-eabi/bin/../lib/gcc/arm-none-eabi/5.4.1/../../../../arm-none-eabi/lib/armv6-m/libnosys.a(_exit.o)
 .ARM.attributes
                0x00000141       0x31 _build/system_nrf51.o
 .ARM.attributes
                0x00000172       0x31 _build/nrf_delay.o
 .ARM.attributes
                0x000001a3       0x31 _build/in4073.o
 .ARM.attributes
                0x000001d4       0x31 _build/control.o
 .ARM.attributes
                0x00000205       0x31 _build/gpio.o
 .ARM.attributes
                0x00000236       0x31 _build/timers.o
 .ARM.attributes
                0x00000267       0x31 _build/uart.o
 .ARM.attributes
                0x00000298       0x31 _build/queue.o
 .ARM.attributes
                0x000002c9       0x31 _build/twi.o
 .ARM.attributes
                0x000002fa       0x31 _build/adc.o
 .ARM.attributes
                0x0000032b       0x31 _build/baro.o
 .ARM.attributes
                0x0000035c       0x31 _build/ble.o
 .ARM.attributes
                0x0000038d       0x31 _build/spi_flash.o
 .ARM.attributes
                0x000003be       0x31 _build/inv_mpu.o
 .ARM.attributes
                0x000003ef       0x31 _build/inv_mpu_dmp_motion_driver.o
 .ARM.attributes
                0x00000420       0x31 _build/ml.o
 .ARM.attributes
                0x00000451       0x31 _build/mpu_wrapper.o
 .ARM.attributes
                0x00000482       0x31 _build/app_error.o
 .ARM.attributes
                0x000004b3       0x31 _build/app_timer.o
 .ARM.attributes
                0x000004e4       0x31 _build/pstorage.o
 .ARM.attributes
                0x00000515       0x31 _build/ble_advdata.o
 .ARM.attributes
                0x00000546       0x31 _build/ble_advertising.o
 .ARM.attributes
                0x00000577       0x31 _build/ble_conn_params.o
 .ARM.attributes
                0x000005a8       0x31 _build/ble_nus.o
 .ARM.attributes
                0x000005d9       0x31 _build/softdevice_handler.o
 .ARM.attributes
                0x0000060a       0x1b _build/gcc_startup_nrf51.o
 .ARM.attributes
                0x00000625       0x2c /home/nelson/Documents/CS4140ES_Embedded_Systems_Lab/software_package/gcc-arm-none-eabi/bin/../lib/gcc/arm-none-eabi/5.4.1/../../../../arm-none-eabi/lib/armv6-m/libm.a(lib_a-s_fabs.o)
 .ARM.attributes
                0x00000651       0x2c /home/nelson/Documents/CS4140ES_Embedded_Systems_Lab/software_package/gcc-arm-none-eabi/bin/../lib/gcc/arm-none-eabi/5.4.1/../../../../arm-none-eabi/lib/armv6-m/libm.a(lib_a-w_asin.o)
 .ARM.attributes
                0x0000067d       0x2c /home/nelson/Documents/CS4140ES_Embedded_Systems_Lab/software_package/gcc-arm-none-eabi/bin/../lib/gcc/arm-none-eabi/5.4.1/../../../../arm-none-eabi/lib/armv6-m/libm.a(lib_a-w_atan2.o)
 .ARM.attributes
                0x000006a9       0x2c /home/nelson/Documents/CS4140ES_Embedded_Systems_Lab/software_package/gcc-arm-none-eabi/bin/../lib/gcc/arm-none-eabi/5.4.1/../../../../arm-none-eabi/lib/armv6-m/libm.a(lib_a-e_asin.o)
 .ARM.attributes
                0x000006d5       0x2c /home/nelson/Documents/CS4140ES_Embedded_Systems_Lab/software_package/gcc-arm-none-eabi/bin/../lib/gcc/arm-none-eabi/5.4.1/../../../../arm-none-eabi/lib/armv6-m/libm.a(lib_a-e_atan2.o)
 .ARM.attributes
                0x00000701       0x2c /home/nelson/Documents/CS4140ES_Embedded_Systems_Lab/software_package/gcc-arm-none-eabi/bin/../lib/gcc/arm-none-eabi/5.4.1/../../../../arm-none-eabi/lib/armv6-m/libm.a(lib_a-e_sqrt.o)
 .ARM.attributes
                0x0000072d       0x2c /home/nelson/Documents/CS4140ES_Embedded_Systems_Lab/software_package/gcc-arm-none-eabi/bin/../lib/gcc/arm-none-eabi/5.4.1/../../../../arm-none-eabi/lib/armv6-m/libm.a(lib_a-s_atan.o)
 .ARM.attributes
                0x00000759       0x2c /home/nelson/Documents/CS4140ES_Embedded_Systems_Lab/software_package/gcc-arm-none-eabi/bin/../lib/gcc/arm-none-eabi/5.4.1/../../../../arm-none-eabi/lib/armv6-m/libm.a(lib_a-s_lib_ver.o)
 .ARM.attributes
                0x00000785       0x2c /home/nelson/Documents/CS4140ES_Embedded_Systems_Lab/software_package/gcc-arm-none-eabi/bin/../lib/gcc/arm-none-eabi/5.4.1/../../../../arm-none-eabi/lib/armv6-m/libm.a(lib_a-s_matherr.o)
 .ARM.attributes
                0x000007b1       0x2c /home/nelson/Documents/CS4140ES_Embedded_Systems_Lab/software_package/gcc-arm-none-eabi/bin/../lib/gcc/arm-none-eabi/5.4.1/../../../../arm-none-eabi/lib/armv6-m/libm.a(lib_a-s_nan.o)
 .ARM.attributes
                0x000007dd       0x1e /home/nelson/Documents/CS4140ES_Embedded_Systems_Lab/software_package/gcc-arm-none-eabi/bin/../lib/gcc/arm-none-eabi/5.4.1/armv6-m/libgcc.a(_udivsi3.o)
 .ARM.attributes
                0x000007fb       0x1e /home/nelson/Documents/CS4140ES_Embedded_Systems_Lab/software_package/gcc-arm-none-eabi/bin/../lib/gcc/arm-none-eabi/5.4.1/armv6-m/libgcc.a(_divsi3.o)
 .ARM.attributes
                0x00000819       0x1e /home/nelson/Documents/CS4140ES_Embedded_Systems_Lab/software_package/gcc-arm-none-eabi/bin/../lib/gcc/arm-none-eabi/5.4.1/armv6-m/libgcc.a(_dvmd_tls.o)
 .ARM.attributes
                0x00000837       0x1e /home/nelson/Documents/CS4140ES_Embedded_Systems_Lab/software_package/gcc-arm-none-eabi/bin/../lib/gcc/arm-none-eabi/5.4.1/armv6-m/libgcc.a(_arm_cmpdf2.o)
 .ARM.attributes
                0x00000855       0x1e /home/nelson/Documents/CS4140ES_Embedded_Systems_Lab/software_package/gcc-arm-none-eabi/bin/../lib/gcc/arm-none-eabi/5.4.1/armv6-m/libgcc.a(_arm_cmpsf2.o)
 .ARM.attributes
                0x00000873       0x2c /home/nelson/Documents/CS4140ES_Embedded_Systems_Lab/software_package/gcc-arm-none-eabi/bin/../lib/gcc/arm-none-eabi/5.4.1/armv6-m/libgcc.a(_muldi3.o)
 .ARM.attributes
                0x0000089f       0x2c /home/nelson/Documents/CS4140ES_Embedded_Systems_Lab/software_package/gcc-arm-none-eabi/bin/../lib/gcc/arm-none-eabi/5.4.1/armv6-m/libgcc.a(_fixunssfsi.o)
 .ARM.attributes
                0x000008cb       0x2c /home/nelson/Documents/CS4140ES_Embedded_Systems_Lab/software_package/gcc-arm-none-eabi/bin/../lib/gcc/arm-none-eabi/5.4.1/armv6-m/libgcc.a(addsf3.o)
 .ARM.attributes
                0x000008f7       0x2c /home/nelson/Documents/CS4140ES_Embedded_Systems_Lab/software_package/gcc-arm-none-eabi/bin/../lib/gcc/arm-none-eabi/5.4.1/armv6-m/libgcc.a(divsf3.o)
 .ARM.attributes
                0x00000923       0x2c /home/nelson/Documents/CS4140ES_Embedded_Systems_Lab/software_package/gcc-arm-none-eabi/bin/../lib/gcc/arm-none-eabi/5.4.1/armv6-m/libgcc.a(eqsf2.o)
 .ARM.attributes
                0x0000094f       0x2c /home/nelson/Documents/CS4140ES_Embedded_Systems_Lab/software_package/gcc-arm-none-eabi/bin/../lib/gcc/arm-none-eabi/5.4.1/armv6-m/libgcc.a(gesf2.o)
 .ARM.attributes
                0x0000097b       0x2c /home/nelson/Documents/CS4140ES_Embedded_Systems_Lab/software_package/gcc-arm-none-eabi/bin/../lib/gcc/arm-none-eabi/5.4.1/armv6-m/libgcc.a(lesf2.o)
 .ARM.attributes
                0x000009a7       0x2c /home/nelson/Documents/CS4140ES_Embedded_Systems_Lab/software_package/gcc-arm-none-eabi/bin/../lib/gcc/arm-none-eabi/5.4.1/armv6-m/libgcc.a(mulsf3.o)
 .ARM.attributes
                0x000009d3       0x2c /home/nelson/Documents/CS4140ES_Embedded_Systems_Lab/software_package/gcc-arm-none-eabi/bin/../lib/gcc/arm-none-eabi/5.4.1/armv6-m/libgcc.a(subsf3.o)
 .ARM.attributes
                0x000009ff       0x2c /home/nelson/Documents/CS4140ES_Embedded_Systems_Lab/software_package/gcc-arm-none-eabi/bin/../lib/gcc/arm-none-eabi/5.4.1/armv6-m/libgcc.a(fixsfsi.o)
 .ARM.attributes
                0x00000a2b       0x2c /home/nelson/Documents/CS4140ES_Embedded_Systems_Lab/software_package/gcc-arm-none-eabi/bin/../lib/gcc/arm-none-eabi/5.4.1/armv6-m/libgcc.a(floatsisf.o)
 .ARM.attributes
                0x00000a57       0x2c /home/nelson/Documents/CS4140ES_Embedded_Systems_Lab/software_package/gcc-arm-none-eabi/bin/../lib/gcc/arm-none-eabi/5.4.1/armv6-m/libgcc.a(floatunsisf.o)
 .ARM.attributes
                0x00000a83       0x2c /home/nelson/Documents/CS4140ES_Embedded_Systems_Lab/software_package/gcc-arm-none-eabi/bin/../lib/gcc/arm-none-eabi/5.4.1/armv6-m/libgcc.a(adddf3.o)
 .ARM.attributes
                0x00000aaf       0x2c /home/nelson/Documents/CS4140ES_Embedded_Systems_Lab/software_package/gcc-arm-none-eabi/bin/../lib/gcc/arm-none-eabi/5.4.1/armv6-m/libgcc.a(divdf3.o)
 .ARM.attributes
                0x00000adb       0x2c /home/nelson/Documents/CS4140ES_Embedded_Systems_Lab/software_package/gcc-arm-none-eabi/bin/../lib/gcc/arm-none-eabi/5.4.1/armv6-m/libgcc.a(eqdf2.o)
 .ARM.attributes
                0x00000b07       0x2c /home/nelson/Documents/CS4140ES_Embedded_Systems_Lab/software_package/gcc-arm-none-eabi/bin/../lib/gcc/arm-none-eabi/5.4.1/armv6-m/libgcc.a(gedf2.o)
 .ARM.attributes
                0x00000b33       0x2c /home/nelson/Documents/CS4140ES_Embedded_Systems_Lab/software_package/gcc-arm-none-eabi/bin/../lib/gcc/arm-none-eabi/5.4.1/armv6-m/libgcc.a(ledf2.o)
 .ARM.attributes
                0x00000b5f       0x2c /home/nelson/Documents/CS4140ES_Embedded_Systems_Lab/software_package/gcc-arm-none-eabi/bin/../lib/gcc/arm-none-eabi/5.4.1/armv6-m/libgcc.a(muldf3.o)
 .ARM.attributes
                0x00000b8b       0x2c /home/nelson/Documents/CS4140ES_Embedded_Systems_Lab/software_package/gcc-arm-none-eabi/bin/../lib/gcc/arm-none-eabi/5.4.1/armv6-m/libgcc.a(subdf3.o)
 .ARM.attributes
                0x00000bb7       0x2c /home/nelson/Documents/CS4140ES_Embedded_Systems_Lab/software_package/gcc-arm-none-eabi/bin/../lib/gcc/arm-none-eabi/5.4.1/armv6-m/libgcc.a(unorddf2.o)
 .ARM.attributes
                0x00000be3       0x2c /home/nelson/Documents/CS4140ES_Embedded_Systems_Lab/software_package/gcc-arm-none-eabi/bin/../lib/gcc/arm-none-eabi/5.4.1/armv6-m/libgcc.a(fixdfsi.o)
 .ARM.attributes
                0x00000c0f       0x2c /home/nelson/Documents/CS4140ES_Embedded_Systems_Lab/software_package/gcc-arm-none-eabi/bin/../lib/gcc/arm-none-eabi/5.4.1/armv6-m/libgcc.a(floatsidf.o)
 .ARM.attributes
                0x00000c3b       0x2c /home/nelson/Documents/CS4140ES_Embedded_Systems_Lab/software_package/gcc-arm-none-eabi/bin/../lib/gcc/arm-none-eabi/5.4.1/armv6-m/libgcc.a(extendsfdf2.o)
 .ARM.attributes
                0x00000c67       0x1e /home/nelson/Documents/CS4140ES_Embedded_Systems_Lab/software_package/gcc-arm-none-eabi/bin/../lib/gcc/arm-none-eabi/5.4.1/armv6-m/libgcc.a(_clzsi2.o)
 .ARM.attributes
                0x00000c85       0x2c /home/nelson/Documents/CS4140ES_Embedded_Systems_Lab/software_package/gcc-arm-none-eabi/bin/../lib/gcc/arm-none-eabi/5.4.1/../../../../arm-none-eabi/lib/armv6-m/libc_nano.a(lib_a-errno.o)
 .ARM.attributes
                0x00000cb1       0x2c /home/nelson/Documents/CS4140ES_Embedded_Systems_Lab/software_package/gcc-arm-none-eabi/bin/../lib/gcc/arm-none-eabi/5.4.1/../../../../arm-none-eabi/lib/armv6-m/libc_nano.a(lib_a-memcmp.o)
 .ARM.attributes
                0x00000cdd       0x2c /home/nelson/Documents/CS4140ES_Embedded_Systems_Lab/software_package/gcc-arm-none-eabi/bin/../lib/gcc/arm-none-eabi/5.4.1/../../../../arm-none-eabi/lib/armv6-m/libc_nano.a(lib_a-memcpy-stub.o)
 .ARM.attributes
                0x00000d09       0x2c /home/nelson/Documents/CS4140ES_Embedded_Systems_Lab/software_package/gcc-arm-none-eabi/bin/../lib/gcc/arm-none-eabi/5.4.1/../../../../arm-none-eabi/lib/armv6-m/libc_nano.a(lib_a-printf.o)
 .ARM.attributes
                0x00000d35       0x2c /home/nelson/Documents/CS4140ES_Embedded_Systems_Lab/software_package/gcc-arm-none-eabi/bin/../lib/gcc/arm-none-eabi/5.4.1/../../../../arm-none-eabi/lib/armv6-m/libc_nano.a(lib_a-sprintf.o)
 .ARM.attributes
                0x00000d61       0x1c /home/nelson/Documents/CS4140ES_Embedded_Systems_Lab/software_package/gcc-arm-none-eabi/bin/../lib/gcc/arm-none-eabi/5.4.1/../../../../arm-none-eabi/lib/armv6-m/libc_nano.a(lib_a-strlen.o)
 .ARM.attributes
                0x00000d7d       0x2c /home/nelson/Documents/CS4140ES_Embedded_Systems_Lab/software_package/gcc-arm-none-eabi/bin/../lib/gcc/arm-none-eabi/5.4.1/../../../../arm-none-eabi/lib/armv6-m/libc_nano.a(lib_a-findfp.o)
 .ARM.attributes
                0x00000da9       0x2c /home/nelson/Documents/CS4140ES_Embedded_Systems_Lab/software_package/gcc-arm-none-eabi/bin/../lib/gcc/arm-none-eabi/5.4.1/../../../../arm-none-eabi/lib/armv6-m/libc_nano.a(lib_a-fwalk.o)
 .ARM.attributes
                0x00000dd5       0x2c /home/nelson/Documents/CS4140ES_Embedded_Systems_Lab/software_package/gcc-arm-none-eabi/bin/../lib/gcc/arm-none-eabi/5.4.1/../../../../arm-none-eabi/lib/armv6-m/libc_nano.a(lib_a-nano-mallocr.o)
 .ARM.attributes
                0x00000e01       0x2c /home/nelson/Documents/CS4140ES_Embedded_Systems_Lab/software_package/gcc-arm-none-eabi/bin/../lib/gcc/arm-none-eabi/5.4.1/../../../../arm-none-eabi/lib/armv6-m/libc_nano.a(lib_a-nano-svfprintf.o)
 .ARM.attributes
                0x00000e2d       0x2c /home/nelson/Documents/CS4140ES_Embedded_Systems_Lab/software_package/gcc-arm-none-eabi/bin/../lib/gcc/arm-none-eabi/5.4.1/../../../../arm-none-eabi/lib/armv6-m/libc_nano.a(lib_a-nano-vfprintf.o)
 .ARM.attributes
                0x00000e59       0x2c /home/nelson/Documents/CS4140ES_Embedded_Systems_Lab/software_package/gcc-arm-none-eabi/bin/../lib/gcc/arm-none-eabi/5.4.1/../../../../arm-none-eabi/lib/armv6-m/libc_nano.a(lib_a-nano-vfprintf_i.o)
 .ARM.attributes
                0x00000e85       0x2c /home/nelson/Documents/CS4140ES_Embedded_Systems_Lab/software_package/gcc-arm-none-eabi/bin/../lib/gcc/arm-none-eabi/5.4.1/../../../../arm-none-eabi/lib/armv6-m/libc_nano.a(lib_a-sbrkr.o)
 .ARM.attributes
                0x00000eb1       0x2c /home/nelson/Documents/CS4140ES_Embedded_Systems_Lab/software_package/gcc-arm-none-eabi/bin/../lib/gcc/arm-none-eabi/5.4.1/../../../../arm-none-eabi/lib/armv6-m/libc_nano.a(lib_a-stdio.o)
 .ARM.attributes
                0x00000edd       0x2c /home/nelson/Documents/CS4140ES_Embedded_Systems_Lab/software_package/gcc-arm-none-eabi/bin/../lib/gcc/arm-none-eabi/5.4.1/../../../../arm-none-eabi/lib/armv6-m/libc_nano.a(lib_a-wbuf.o)
 .ARM.attributes
                0x00000f09       0x2c /home/nelson/Documents/CS4140ES_Embedded_Systems_Lab/software_package/gcc-arm-none-eabi/bin/../lib/gcc/arm-none-eabi/5.4.1/../../../../arm-none-eabi/lib/armv6-m/libc_nano.a(lib_a-writer.o)
 .ARM.attributes
                0x00000f35       0x2c /home/nelson/Documents/CS4140ES_Embedded_Systems_Lab/software_package/gcc-arm-none-eabi/bin/../lib/gcc/arm-none-eabi/5.4.1/../../../../arm-none-eabi/lib/armv6-m/libc_nano.a(lib_a-wsetup.o)
 .ARM.attributes
                0x00000f61       0x2c /home/nelson/Documents/CS4140ES_Embedded_Systems_Lab/software_package/gcc-arm-none-eabi/bin/../lib/gcc/arm-none-eabi/5.4.1/../../../../arm-none-eabi/lib/armv6-m/libc_nano.a(lib_a-closer.o)
 .ARM.attributes
                0x00000f8d       0x2c /home/nelson/Documents/CS4140ES_Embedded_Systems_Lab/software_package/gcc-arm-none-eabi/bin/../lib/gcc/arm-none-eabi/5.4.1/../../../../arm-none-eabi/lib/armv6-m/libc_nano.a(lib_a-fflush.o)
 .ARM.attributes
                0x00000fb9       0x2c /home/nelson/Documents/CS4140ES_Embedded_Systems_Lab/software_package/gcc-arm-none-eabi/bin/../lib/gcc/arm-none-eabi/5.4.1/../../../../arm-none-eabi/lib/armv6-m/libc_nano.a(lib_a-lseekr.o)
 .ARM.attributes
                0x00000fe5       0x2c /home/nelson/Documents/CS4140ES_Embedded_Systems_Lab/software_package/gcc-arm-none-eabi/bin/../lib/gcc/arm-none-eabi/5.4.1/../../../../arm-none-eabi/lib/armv6-m/libc_nano.a(lib_a-makebuf.o)
 .ARM.attributes
                0x00001011       0x2c /home/nelson/Documents/CS4140ES_Embedded_Systems_Lab/software_package/gcc-arm-none-eabi/bin/../lib/gcc/arm-none-eabi/5.4.1/../../../../arm-none-eabi/lib/armv6-m/libc_nano.a(lib_a-memchr-stub.o)
 .ARM.attributes
                0x0000103d       0x2c /home/nelson/Documents/CS4140ES_Embedded_Systems_Lab/software_package/gcc-arm-none-eabi/bin/../lib/gcc/arm-none-eabi/5.4.1/../../../../arm-none-eabi/lib/armv6-m/libc_nano.a(lib_a-memmove.o)
 .ARM.attributes
                0x00001069       0x2c /home/nelson/Documents/CS4140ES_Embedded_Systems_Lab/software_package/gcc-arm-none-eabi/bin/../lib/gcc/arm-none-eabi/5.4.1/../../../../arm-none-eabi/lib/armv6-m/libc_nano.a(lib_a-mlock.o)
 .ARM.attributes
                0x00001095       0x2c /home/nelson/Documents/CS4140ES_Embedded_Systems_Lab/software_package/gcc-arm-none-eabi/bin/../lib/gcc/arm-none-eabi/5.4.1/../../../../arm-none-eabi/lib/armv6-m/libc_nano.a(lib_a-nano-freer.o)
 .ARM.attributes
                0x000010c1       0x2c /home/nelson/Documents/CS4140ES_Embedded_Systems_Lab/software_package/gcc-arm-none-eabi/bin/../lib/gcc/arm-none-eabi/5.4.1/../../../../arm-none-eabi/lib/armv6-m/libc_nano.a(lib_a-nano-reallocr.o)
 .ARM.attributes
                0x000010ed       0x2c /home/nelson/Documents/CS4140ES_Embedded_Systems_Lab/software_package/gcc-arm-none-eabi/bin/../lib/gcc/arm-none-eabi/5.4.1/../../../../arm-none-eabi/lib/armv6-m/libc_nano.a(lib_a-readr.o)
 .ARM.attributes
                0x00001119       0x2c /home/nelson/Documents/CS4140ES_Embedded_Systems_Lab/software_package/gcc-arm-none-eabi/bin/../lib/gcc/arm-none-eabi/5.4.1/../../../../arm-none-eabi/lib/armv6-m/libc_nano.a(lib_a-reent.o)
 .ARM.attributes
                0x00001145       0x2c /home/nelson/Documents/CS4140ES_Embedded_Systems_Lab/software_package/gcc-arm-none-eabi/bin/../lib/gcc/arm-none-eabi/5.4.1/../../../../arm-none-eabi/lib/armv6-m/libc_nano.a(lib_a-fstatr.o)
 .ARM.attributes
                0x00001171       0x2c /home/nelson/Documents/CS4140ES_Embedded_Systems_Lab/software_package/gcc-arm-none-eabi/bin/../lib/gcc/arm-none-eabi/5.4.1/../../../../arm-none-eabi/lib/armv6-m/libc_nano.a(lib_a-isattyr.o)
 .ARM.attributes
                0x0000119d       0x2c /home/nelson/Documents/CS4140ES_Embedded_Systems_Lab/software_package/gcc-arm-none-eabi/bin/../lib/gcc/arm-none-eabi/5.4.1/../../../../arm-none-eabi/lib/armv6-m/libc_nano.a(lib_a-nano-msizer.o)
 .ARM.attributes
                0x000011c9       0x1e /home/nelson/Documents/CS4140ES_Embedded_Systems_Lab/software_package/gcc-arm-none-eabi/bin/../lib/gcc/arm-none-eabi/5.4.1/armv6-m/crtn.o
 .ARM.attributes
                0x000011e7       0x2c /home/nelson/Documents/CS4140ES_Embedded_Systems_Lab/software_package/gcc-arm-none-eabi/bin/../lib/gcc/arm-none-eabi/5.4.1/../../../../arm-none-eabi/lib/armv6-m/libnosys.a(close.o)
 .ARM.attributes
                0x00001213       0x2c /home/nelson/Documents/CS4140ES_Embedded_Systems_Lab/software_package/gcc-arm-none-eabi/bin/../lib/gcc/arm-none-eabi/5.4.1/../../../../arm-none-eabi/lib/armv6-m/libnosys.a(fstat.o)
 .ARM.attributes
                0x0000123f       0x2c /home/nelson/Documents/CS4140ES_Embedded_Systems_Lab/software_package/gcc-arm-none-eabi/bin/../lib/gcc/arm-none-eabi/5.4.1/../../../../arm-none-eabi/lib/armv6-m/libnosys.a(isatty.o)
 .ARM.attributes
                0x0000126b       0x2c /home/nelson/Documents/CS4140ES_Embedded_Systems_Lab/software_package/gcc-arm-none-eabi/bin/../lib/gcc/arm-none-eabi/5.4.1/../../../../arm-none-eabi/lib/armv6-m/libnosys.a(lseek.o)
 .ARM.attributes
                0x00001297       0x2c /home/nelson/Documents/CS4140ES_Embedded_Systems_Lab/software_package/gcc-arm-none-eabi/bin/../lib/gcc/arm-none-eabi/5.4.1/../../../../arm-none-eabi/lib/armv6-m/libnosys.a(read.o)
 .ARM.attributes
                0x000012c3       0x2c /home/nelson/Documents/CS4140ES_Embedded_Systems_Lab/software_package/gcc-arm-none-eabi/bin/../lib/gcc/arm-none-eabi/5.4.1/../../../../arm-none-eabi/lib/armv6-m/libnosys.a(sbrk.o)

.comment        0x00000000       0x6e
 .comment       0x00000000       0x6e _build/system_nrf51.o
                                 0x6f (size before relaxing)
 .comment       0x0000006e       0x6f _build/nrf_delay.o
 .comment       0x0000006e       0x6f _build/in4073.o